"/wiki/about/" "/wiki/About/";
"/wiki/access_gateway_port_from_host/" "/wiki/Access_Gateway_Port_From_Host/";
"/wiki/access_local_network_or_host_or_clearnet_internet_from_vm/" "/wiki/Access_Local_Network_or_Host_or_Clearnet_Internet_from_VM/";
"/wiki/access_workstation_port_from_host/" "/wiki/Access_Workstation_Port_From_Host/";
"/wiki/advanced_deanonymization_attacks/" "/wiki/Advanced_Deanonymization_Attacks/";
"/wiki/advanced_documentation/" "/wiki/Advanced_Documentation/";
"/wiki/advanced_security_guide/" "/wiki/Advanced_Security_Guide/";
"/wiki/advanced_security_guide_introduction/" "/wiki/Advanced_Security_Guide_Introduction/";
"/wiki/advanced_users/" "/wiki/Advanced_Users/";
"/wiki/ai_agents_blocking/" "/wiki/AI_Agents_Blocking/";
"/wiki/alternative_dns_resolver/" "/wiki/Alternative_DNS_Resolver/";
"/wiki/anbox/" "/wiki/Anbox/";
"/wiki/anon_connection_wizard/" "/wiki/Anon_Connection_Wizard/";
"/wiki/anonymity/" "/wiki/Anonymity/";
"/wiki/api/" "/wiki/API/";
"/wiki/architecture_support/" "/wiki/Architecture_Support/";
"/wiki/architectures/" "/wiki/Architectures/";
"/wiki/arm64/" "/wiki/ARM64/";
"/wiki/art_gallery/" "/wiki/Art_Gallery/";
"/wiki/backlogged/" "/wiki/Backlogged/";
"/wiki/backup_vms/" "/wiki/Backup_VMs/";
"/wiki/backupscript/" "/wiki/BackupScript/";
"/wiki/badtitle/" "/wiki/Badtitle/";
"/wiki/based_on_debian/" "/wiki/Based_on_Debian/";
"/wiki/based_on_kicksecure/" "/wiki/Based_on_Kicksecure/";
"/wiki/bisq/" "/wiki/Bisq/";
"/wiki/bitcoin/" "/wiki/Bitcoin/";
"/wiki/bitcoin_core/" "/wiki/Bitcoin_Core/";
"/wiki/bitmessage/" "/wiki/BitMessage/";
"/wiki/bridges/" "/wiki/Bridges/";
"/wiki/browser_plugins/" "/wiki/Browser_Plugins/";
"/wiki/browser_tests/" "/wiki/Browser_Tests/";
"/wiki/build_configuration/" "/wiki/Build_Configuration/";
"/wiki/censorship_circumvention_tools/" "/wiki/Censorship_Circumvention_Tools/";
"/wiki/census/" "/wiki/Census/";
"/wiki/chaining_anonymizing_gateways/" "/wiki/Chaining_Anonymizing_Gateways/";
"/wiki/changelog/" "/wiki/Changelog/";
"/wiki/chat/" "/wiki/Chat/";
"/wiki/chrome/" "/wiki/Chrome/";
"/wiki/chromium/" "/wiki/Chromium/";
"/wiki/common_cli_commands/" "/wiki/Common_CLI_Commands/";
"/wiki/community_support/" "/wiki/Community_Support/";
"/wiki/community_survey/" "/wiki/Community_survey/";
"/wiki/comparison_of_different_variants/" "/wiki/Comparison_of_different_variants/";
"/wiki/comparison_of_package_managers/" "/wiki/Comparison_Of_Package_Managers/";
"/wiki/comparison_of_whonix-gateway_and_whonix-workstation/" "/wiki/Comparison_of_Whonix-Gateway_and_Whonix-Workstation/";
"/wiki/comparison_with_kicksecure/" "/wiki/Comparison_with_Kicksecure/";
"/wiki/comparison_with_others/" "/wiki/Comparison_with_Others/";
"/wiki/comparison_with_others/subgraphos/" "/wiki/Comparison_with_Others/SubgraphOS/";
"/wiki/computer_security_education/" "/wiki/Computer_Security_Education/";
"/wiki/connections_between_gateway_and_workstation/" "/wiki/Connections_between_Gateway_and_Workstation/";
"/wiki/contact/" "/wiki/Contact/";
"/wiki/contribute/" "/wiki/Contribute/";
"/wiki/contributors/" "/wiki/Contributors/";
"/wiki/cookie_policy/" "/wiki/Cookie_Policy/";
"/wiki/copyright/" "/wiki/Copyright/";
"/wiki/corridor/" "/wiki/Corridor/";
"/wiki/credits/" "/wiki/Credits/";
"/wiki/cwtch/" "/wiki/Cwtch/";
"/wiki/data_collection_techniques/" "/wiki/Data_Collection_Techniques/";
"/wiki/data_persistence_vs_live_mode/" "/wiki/Data_Persistence_vs_Live_Mode/";
"/wiki/debian/" "/wiki/Debian/";
"/wiki/debian_packages/" "/wiki/Debian_Packages/";
"/wiki/declined/" "/wiki/Declined/";
"/wiki/default_passwords/" "/wiki/Default_Passwords/";
"/wiki/deltachat/" "/wiki/DeltaChat/";
"/wiki/deprecated/" "/wiki/Deprecated/";
"/wiki/deprecated/grsecurity/" "/wiki/Deprecated/grsecurity/";
"/wiki/deprecated/ricochet_im/" "/wiki/Deprecated/Ricochet_IM/";
"/wiki/deprecated/vidalia/" "/wiki/Deprecated/Vidalia/";
"/wiki/design/" "/wiki/Design/";
"/wiki/desktop/" "/wiki/Desktop/";
"/wiki/dev/64bit/" "/wiki/Dev/64bit/";
"/wiki/dev/advanced_deanonymization_attacks/" "/wiki/Dev/Advanced_Deanonymization_Attacks/";
"/wiki/dev/anon-ws-disable-stacked-tor/" "/wiki/Dev/anon-ws-disable-stacked-tor/";
"/wiki/dev/anonymity_network/" "/wiki/Dev/Anonymity_Network/";
"/wiki/dev/apt-revoker/" "/wiki/Dev/apt-revoker/";
"/wiki/dev/archived_discussions/" "/wiki/Dev/Archived_Discussions/";
"/wiki/dev/automated_tests/" "/wiki/Dev/Automated_Tests/";
"/wiki/dev/build_anonymity/" "/wiki/Dev/Build_Anonymity/";
"/wiki/dev/build_documentation/" "/wiki/Dev/Build_Documentation/";
"/wiki/dev/build_documentation/generic-package/" "/wiki/Dev/Build_Documentation/generic-package/";
"/wiki/dev/build_documentation/generic-package/easy/" "/wiki/Dev/Build_Documentation/generic-package/easy/";
"/wiki/dev/build_documentation/images/" "/wiki/Dev/Build_Documentation/images/";
"/wiki/dev/build_documentation/monero-gui/easy/" "/wiki/Dev/Build_Documentation/monero-gui/easy/";
"/wiki/dev/build_documentation/physical_isolation/" "/wiki/Dev/Build_Documentation/Physical_Isolation/";
"/wiki/dev/build_documentation/security-misc/" "/wiki/Dev/Build_Documentation/security-misc/";
"/wiki/dev/build_documentation/security-misc/easy/" "/wiki/Dev/Build_Documentation/security-misc/easy/";
"/wiki/dev/build_documentation/upgrading_derivative_deb_packages_from_source_code/" "/wiki/Dev/Build_Documentation/Upgrading_Derivative_Deb_Packages_from_Source_Code/";
"/wiki/dev/certification/" "/wiki/Dev/certification/";
"/wiki/dev/continuous_integration/" "/wiki/Dev/Continuous_Integration/";
"/wiki/dev/control_port_filter_proxy/tor-controlport-filter/config/" "/wiki/Dev/Control_Port_Filter_Proxy/tor-controlport-filter/config/";
"/wiki/dev/dante/" "/wiki/Dev/Dante/";
"/wiki/dev/default_application_policy/" "/wiki/Dev/Default_Application_Policy/";
"/wiki/dev/dhcp/" "/wiki/Dev/DHCP/";
"/wiki/dev/disclaimer/" "/wiki/Dev/Disclaimer/";
"/wiki/dev/download_statistics/" "/wiki/Dev/Download_Statistics/";
"/wiki/dev/download_wizard/" "/wiki/Dev/Download_Wizard/";
"/wiki/dev/electrum/" "/wiki/Dev/electrum/";
"/wiki/dev/fedora/" "/wiki/Dev/Fedora/";
"/wiki/dev/firefox_add-on/" "/wiki/Dev/Firefox_Add-On/";
"/wiki/dev/firewall_unload/" "/wiki/Dev/Firewall_Unload/";
"/wiki/dev/gajim/" "/wiki/Dev/Gajim/";
"/wiki/dev/gateway/" "/wiki/Dev/Gateway/";
"/wiki/dev/gnome/" "/wiki/Dev/GNOME/";
"/wiki/dev/homepage/" "/wiki/Dev/Homepage/";
"/wiki/dev/host/" "/wiki/Dev/Host/";
"/wiki/dev/imageresize/" "/wiki/Dev/ImageResize/";
"/wiki/dev/imageresize2/" "/wiki/Dev/ImageResize2/";
"/wiki/dev/imageresize3/" "/wiki/Dev/ImageResize3/";
"/wiki/dev/inspiration/" "/wiki/Dev/Inspiration/";
"/wiki/dev/installation_from_repository/" "/wiki/Dev/Installation_from_Repository/";
"/wiki/dev/ipv6/" "/wiki/Dev/ipv6/";
"/wiki/dev/issue_tracker/" "/wiki/Dev/Issue_Tracker/";
"/wiki/dev/jondo/" "/wiki/Dev/JonDo/";
"/wiki/dev/kvm/" "/wiki/Dev/KVM/";
"/wiki/dev/latency-obfuscator/" "/wiki/Dev/latency-obfuscator/";
"/wiki/dev/leak_tests/" "/wiki/Dev/Leak_Tests/";
"/wiki/dev/leak_tests_old/" "/wiki/Dev/Leak_Tests_Old/";
"/wiki/dev/logo/" "/wiki/Dev/Logo/";
"/wiki/dev/logo_contest/" "/wiki/Dev/Logo_Contest/";
"/wiki/dev/mac/" "/wiki/Dev/MAC/";
"/wiki/dev/multiple_workstations/" "/wiki/Dev/Multiple_Workstations/";
"/wiki/dev/network_manager/" "/wiki/Dev/Network_Manager/";
"/wiki/dev/news/" "/wiki/Dev/News/";
"/wiki/dev/onion-grater/" "/wiki/Dev/onion-grater/";
"/wiki/dev/onionshare/" "/wiki/Dev/OnionShare/";
"/wiki/dev/operating_system/" "/wiki/Dev/Operating_System/";
"/wiki/dev/porting/" "/wiki/Dev/Porting/";
"/wiki/dev/project_friendly_applications_best_practices/" "/wiki/Dev/Project_friendly_applications_best_practices/";
"/wiki/dev/project_host/" "/wiki/Dev/Project_Host/";
"/wiki/dev/project_networking/" "/wiki/Dev/Project_Networking/";
"/wiki/dev/qubes/" "/wiki/Dev/Qubes/";
"/wiki/dev/qubes_remote_support/" "/wiki/Dev/Qubes_Remote_Support/";
"/wiki/dev/redistribution/" "/wiki/Dev/Redistribution/";
"/wiki/dev/research/" "/wiki/Dev/research/";
"/wiki/dev/setup-dist/" "/wiki/Dev/setup-dist/";
"/wiki/dev/source_code_intro/" "/wiki/Dev/Source_Code_Intro/";
"/wiki/dev/stig/" "/wiki/Dev/STIG/";
"/wiki/dev/stig/raw/" "/wiki/Dev/STIG/raw/";
"/wiki/dev/surveys/" "/wiki/Dev/surveys/";
"/wiki/dev/tails_doc_fork/" "/wiki/Dev/Tails_Doc_Fork/";
"/wiki/dev/technical_introduction/" "/wiki/Dev/Technical_Introduction/";
"/wiki/dev/test/" "/wiki/Dev/Test/";
"/wiki/dev/threat_model/" "/wiki/Dev/Threat_Model/";
"/wiki/dev/timesync/" "/wiki/Dev/TimeSync/";
"/wiki/dev/tor-launcher/" "/wiki/Dev/tor-launcher/";
"/wiki/dev/tor/" "/wiki/Dev/Tor/";
"/wiki/dev/torified_wi-fi_hotspot/" "/wiki/Dev/Torified_Wi-Fi_Hotspot/";
"/wiki/dev/tpo_trademark/" "/wiki/Dev/TPO_Trademark/";
"/wiki/dev/utm/" "/wiki/Dev/UTM/";
"/wiki/dev/vanguards/" "/wiki/Dev/vanguards/";
"/wiki/dev/videos/" "/wiki/Dev/videos/";
"/wiki/dev/virtualbox/" "/wiki/Dev/VirtualBox/";
"/wiki/dev/virtualization_platform/" "/wiki/Dev/Virtualization_Platform/";
"/wiki/dev/vision/" "/wiki/Dev/Vision/";
"/wiki/dev/wallpaper/" "/wiki/Dev/wallpaper/";
"/wiki/dev/windows_installer/" "/wiki/Dev/Windows_Installer/";
"/wiki/dev/windows_installer/old/" "/wiki/Dev/Windows_Installer/OLD/";
"/wiki/dev/windows_starter/" "/wiki/Dev/Windows_Starter/";
"/wiki/dev/xfce/" "/wiki/Dev/Xfce/";
"/wiki/dev/zerobox/" "/wiki/Dev/Zerobox/";
"/wiki/development_discussion_policy/" "/wiki/Development_Discussion_Policy/";
"/wiki/digital_signature_policy/" "/wiki/Digital_Signature_Policy/";
"/wiki/disaster_recovery/" "/wiki/Disaster_Recovery/";
"/wiki/docker/" "/wiki/Docker/";
"/wiki/documentation/" "/wiki/Documentation/";
"/wiki/donate/" "/wiki/Donate/";
"/wiki/donate/affiliate_link/" "/wiki/Donate/Affiliate_Link/";
"/wiki/donate/aud/" "/wiki/Donate/AUD/";
"/wiki/donate/bank_wire/" "/wiki/Donate/Bank_Wire/";
"/wiki/donate/bitcoin/" "/wiki/Donate/Bitcoin/";
"/wiki/donate/credit_card/" "/wiki/Donate/Credit_Card/";
"/wiki/donate/crypto/" "/wiki/Donate/Crypto/";
"/wiki/donate/ethereum/" "/wiki/Donate/Ethereum/";
"/wiki/donate/eur/" "/wiki/Donate/EUR/";
"/wiki/donate/gbp/" "/wiki/Donate/GBP/";
"/wiki/donate/monero/" "/wiki/Donate/Monero/";
"/wiki/donate/paypal/" "/wiki/Donate/PayPal/";
"/wiki/donate/tax-deductible/" "/wiki/Donate/Tax-Deductible/";
"/wiki/donate/tronix/" "/wiki/Donate/Tronix/";
"/wiki/donate/usd/" "/wiki/Donate/USD/";
"/wiki/donors/" "/wiki/Donors/";
"/wiki/download/" "/wiki/Download/";
"/wiki/download_issues/" "/wiki/Download_Issues/";
"/wiki/e-mail/" "/wiki/E-Mail/";
"/wiki/e-sign_consent/" "/wiki/E-Sign_Consent/";
"/wiki/edward_snowden_on_whonix/" "/wiki/Edward_Snowden_on_Whonix/";
"/wiki/electrum-ltc/" "/wiki/Electrum-LTC/";
"/wiki/electrum/" "/wiki/Electrum/";
"/wiki/electrum/manual_installation/" "/wiki/Electrum/Manual_Installation/";
"/wiki/electrumx-ltc/" "/wiki/ElectrumX-LTC/";
"/wiki/electrumx/" "/wiki/ElectrumX/";
"/wiki/encrypted_email_with_thunderbird/" "/wiki/Encrypted_Email_with_Thunderbird/";
"/wiki/essential_host_security/" "/wiki/Essential_Host_Security/";
"/wiki/essential_tests/" "/wiki/Essential_Tests/";
"/wiki/ethereum/" "/wiki/Ethereum/";
"/wiki/exonerator/" "/wiki/ExoneraTor/";
"/wiki/faq/" "/wiki/FAQ/";
"/wiki/features/" "/wiki/Features/";
"/wiki/file_sharing/" "/wiki/File_Sharing/";
"/wiki/file_transfer/" "/wiki/File_Transfer/";
"/wiki/fingerprint/" "/wiki/Fingerprint/";
"/wiki/firefox/" "/wiki/Firefox/";
"/wiki/firewall/" "/wiki/Firewall/";
"/wiki/first_time_documentation_contributor_policy/" "/wiki/First_Time_Documentation_Contributor_Policy/";
"/wiki/first_time_source_code_contributor_policy/" "/wiki/First_Time_Source_Code_Contributor_Policy/";
"/wiki/first_time_user/" "/wiki/First_Time_User/";
"/wiki/forcing_.onion_on_project/" "/wiki/Forcing_.onion_on_Project/";
"/wiki/freenet/" "/wiki/Freenet/";
"/wiki/ftp/" "/wiki/FTP/";
"/wiki/full_disk_encryption_and_encrypted_images/" "/wiki/Full_Disk_Encryption_and_Encrypted_Images/";
"/wiki/geo-blocking/" "/wiki/Geo-blocking/";
"/wiki/gnunet/" "/wiki/GNUnet/";
"/wiki/hexchat/" "/wiki/HexChat/";
"/wiki/hide_tor_from_your_internet_service_provider/" "/wiki/Hide_Tor_from_your_Internet_Service_Provider/";
"/wiki/history/" "/wiki/History/";
"/wiki/host_a_bridge_or_tor_relay/" "/wiki/Host_a_Bridge_or_Tor_Relay/";
"/wiki/host_browser/" "/wiki/Host_Browser/";
"/wiki/host_firewall/" "/wiki/Host_Firewall/";
"/wiki/host_operating_system_selection/" "/wiki/Host_Operating_System_Selection/";
"/wiki/hosting_a_mirror/" "/wiki/Hosting_a_Mirror/";
"/wiki/hosting_location_hidden_services/" "/wiki/Hosting_Location_Hidden_Services/";
"/wiki/hostnames/" "/wiki/Hostnames/";
"/wiki/i2p/" "/wiki/I2P/";
"/wiki/imprint/" "/wiki/Imprint/";
"/wiki/install_software/" "/wiki/Install_Software/";
"/wiki/install_tor_browser_outside_of_whonix/" "/wiki/Install_Tor_Browser_Outside_of_Whonix/";
"/wiki/intel_amd64/" "/wiki/Intel_AMD64/";
"/wiki/introduction/" "/wiki/Introduction/";
"/wiki/investors/" "/wiki/Investors/";
"/wiki/ip_hiding_is_outdated/" "/wiki/IP_hiding_is_outdated/";
"/wiki/ipv6/" "/wiki/IPv6/";
"/wiki/jondonym/" "/wiki/JonDonym/";
"/wiki/keystroke_and_mouse_deanonymization/" "/wiki/Keystroke_and_Mouse_Deanonymization/";
"/wiki/known_issues/" "/wiki/Known_Issues/";
"/wiki/kvm/" "/wiki/KVM/";
"/wiki/kvm/minimalized_installation/" "/wiki/KVM/Minimalized_Installation/";
"/wiki/kvm/support/" "/wiki/KVM/Support/";
"/wiki/language/" "/wiki/Language/";
"/wiki/lantern/" "/wiki/Lantern/";
"/wiki/leaks/" "/wiki/Leaks/";
"/wiki/linux/" "/wiki/Linux/";
"/wiki/litecoin_core/" "/wiki/Litecoin_Core/";
"/wiki/live_mode/" "/wiki/Live_Mode/";
"/wiki/lnd/" "/wiki/LND/";
"/wiki/local_connections/" "/wiki/Local_Connections/";
"/wiki/logging_in_to_captive_portals/" "/wiki/Logging_in_to_captive_portals/";
"/wiki/login/" "/wiki/Login/";
"/wiki/mac_address/" "/wiki/MAC_Address/";
"/wiki/macos/" "/wiki/MacOS/";
"/wiki/mailing_lists/" "/wiki/Mailing_Lists/";
"/wiki/main/project_signing_key/" "/wiki/Main/Project_Signing_Key/";
"/wiki/manually_create_whonix_vm_settings/" "/wiki/Manually_Create_Whonix_VM_Settings/";
"/wiki/manually_creating_whonix/" "/wiki/Manually_Creating_Whonix/";
"/wiki/media_mentions/" "/wiki/Media_Mentions/";
"/wiki/metadata/" "/wiki/Metadata/";
"/wiki/mixmaster/" "/wiki/Mixmaster/";
"/wiki/monero/" "/wiki/Monero/";
"/wiki/monero/manual_instructions/" "/wiki/Monero/Manual_Instructions/";
"/wiki/monero_multisig/" "/wiki/Monero_Multisig/";
"/wiki/monero_offline_wallet/" "/wiki/Monero_Offline_Wallet/";
"/wiki/monero_wallet_isolation/" "/wiki/Monero_Wallet_Isolation/";
"/wiki/money/" "/wiki/Money/";
"/wiki/mullvad_browser/" "/wiki/Mullvad_Browser/";
"/wiki/multiple_qubes-whonix_templates/" "/wiki/Multiple_Qubes-Whonix_Templates/";
"/wiki/multiple_whonix-gateway/" "/wiki/Multiple_Whonix-Gateway/";
"/wiki/multiple_whonix-workstation/" "/wiki/Multiple_Whonix-Workstation/";
"/wiki/network_obstacle/" "/wiki/Network_Obstacle/";
"/wiki/network_time_synchronization/" "/wiki/Network_Time_Synchronization/";
"/wiki/non-qubes-whonix/" "/wiki/Non-Qubes-Whonix/";
"/wiki/nymservers/" "/wiki/Nymservers/";
"/wiki/official_online_profiles/" "/wiki/Official_Online_Profiles/";
"/wiki/offline_documentation/" "/wiki/Offline_Documentation/";
"/wiki/old_project_versions_and_news/" "/wiki/Old_Project_Versions_and_News/";
"/wiki/old_sources/" "/wiki/Old_Sources/";
"/wiki/old_stable_and_earlier_releases/" "/wiki/Old_Stable_and_Earlier_Releases/";
"/wiki/onion-grater/" "/wiki/Onion-grater/";
"/wiki/onion_gaming/" "/wiki/Onion_Gaming/";
"/wiki/onion_services/" "/wiki/Onion_Services/";
"/wiki/onion_services_guides/" "/wiki/Onion_Services_Guides/";
"/wiki/onionizing_repositories/" "/wiki/Onionizing_Repositories/";
"/wiki/onionshare/" "/wiki/OnionShare/";
"/wiki/other_anonymizing_networks/" "/wiki/Other_Anonymizing_Networks/";
"/wiki/other_browsers/" "/wiki/Other_Browsers/";
"/wiki/other_desktop_environments/" "/wiki/Other_Desktop_Environments/";
"/wiki/other_gateways/" "/wiki/Other_Gateways/";
"/wiki/other_operating_systems/" "/wiki/Other_Operating_Systems/";
"/wiki/packages_for_debian_hosts/" "/wiki/Packages_for_Debian_Hosts/";
"/wiki/patrick_schleizer/" "/wiki/Patrick_Schleizer/";
"/wiki/persistent_mode/" "/wiki/Persistent_Mode/";
"/wiki/phone_number_validation/" "/wiki/Phone_Number_Validation/";
"/wiki/please_use_search_engines_and_see_documentation_first/" "/wiki/Please_Use_Search_Engines_And_See_Documentation_First/";
"/wiki/plus_support/" "/wiki/Plus_Support/";
"/wiki/policy_of_website_and_chat/" "/wiki/Policy_of_Website_and_Chat/";
"/wiki/policy_on_artificial_intelligence/" "/wiki/Policy_On_Artificial_Intelligence/";
"/wiki/policy_on_nonfreedom_software/" "/wiki/Policy_On_Nonfreedom_Software/";
"/wiki/ports/" "/wiki/Ports/";
"/wiki/post_install_advice/" "/wiki/Post_Install_Advice/";
"/wiki/ppc64/" "/wiki/PPC64/";
"/wiki/pptp/" "/wiki/PPTP/";
"/wiki/premium_support/" "/wiki/Premium_Support/";
"/wiki/printing_and_scanning/" "/wiki/Printing_and_Scanning/";
"/wiki/privacy_policy/" "/wiki/Privacy_Policy/";
"/wiki/progress_reports/" "/wiki/Progress_Reports/";
"/wiki/project-apt-repository/" "/wiki/Project-APT-Repository/";
"/wiki/project_chat/" "/wiki/Project_Chat/";
"/wiki/project_policies/" "/wiki/Project_Policies/";
"/wiki/protocol-leak-protection_and_fingerprinting-protection/" "/wiki/Protocol-Leak-Protection_and_Fingerprinting-Protection/";
"/wiki/proxybox/" "/wiki/ProxyBOX/";
"/wiki/pylru/" "/wiki/PyLRU/";
"/wiki/qemu/" "/wiki/QEMU/";
"/wiki/qubes/" "/wiki/Qubes/";
"/wiki/qubes/disposables/" "/wiki/Qubes/Disposables/";
"/wiki/qubes/firewall/" "/wiki/Qubes/Firewall/";
"/wiki/qubes/install/" "/wiki/Qubes/Install/";
"/wiki/qubes/networking/" "/wiki/Qubes/Networking/";
"/wiki/qubes/reinstall/" "/wiki/Qubes/Reinstall/";
"/wiki/qubes/tor_browser/" "/wiki/Qubes/Tor_Browser/";
"/wiki/qubes/troubleshooting/" "/wiki/Qubes/Troubleshooting/";
"/wiki/qubes/uninstall/" "/wiki/Qubes/Uninstall/";
"/wiki/qubes/updatesproxy/" "/wiki/Qubes/UpdatesProxy/";
"/wiki/qubes/why_use_qubes_over_other_virtualizers/" "/wiki/Qubes/Why_use_Qubes_over_other_Virtualizers/";
"/wiki/ram/" "/wiki/RAM/";
"/wiki/raspberry_pi/" "/wiki/Raspberry_Pi/";
"/wiki/reasons_for_freedom_software/" "/wiki/Reasons_for_Freedom_Software/";
"/wiki/redirect_whonix-workstation_ports_or_unix_domain_socket_files_to_whonix-gateway/" "/wiki/Redirect_Whonix-Workstation_Ports_or_Unix_Domain_Socket_Files_to_Whonix-Gateway/";
"/wiki/release_upgrade/" "/wiki/Release_Upgrade/";
"/wiki/release_upgrade_16_to_17/" "/wiki/Release_Upgrade_16_to_17/";
"/wiki/release_upgrade_17_to_18/" "/wiki/Release_Upgrade_17_to_18/";
"/wiki/release_upgrade_whonix_15_to_whonix_16/" "/wiki/Release_Upgrade_Whonix_15_to_Whonix_16/";
"/wiki/reliable_ip_hiding/" "/wiki/Reliable_IP_Hiding/";
"/wiki/remailer/" "/wiki/Remailer/";
"/wiki/remote_administration/" "/wiki/Remote_Administration/";
"/wiki/reporting_bugs/" "/wiki/Reporting_Bugs/";
"/wiki/resize/" "/wiki/Resize/";
"/wiki/retoswap/" "/wiki/RetoSwap/";
"/wiki/retroshare/" "/wiki/RetroShare/";
"/wiki/riscv64/" "/wiki/RISCV64/";
"/wiki/rss/" "/wiki/Rss/";
"/wiki/screen/" "/wiki/Screen/";
"/wiki/screenshots/" "/wiki/Screenshots/";
"/wiki/sdwdate-gui/" "/wiki/Sdwdate-gui/";
"/wiki/sdwdate/" "/wiki/Sdwdate/";
"/wiki/search_engines/" "/wiki/Search_Engines/";
"/wiki/secbrowser/" "/wiki/SecBrowser/";
"/wiki/security_guide/" "/wiki/Security_Guide/";
"/wiki/security_reviews_and_feedback/" "/wiki/Security_Reviews_and_Feedback/";
"/wiki/security_roadmap/" "/wiki/Security_Roadmap/";
"/wiki/self_support_first_policy/" "/wiki/Self_Support_First_Policy/";
"/wiki/shared_folder/" "/wiki/Shared_Folder/";
"/wiki/signal/" "/wiki/Signal/";
"/wiki/signing_key/" "/wiki/Signing_Key/";
"/wiki/simplex/" "/wiki/SimpleX/";
"/wiki/source/" "/wiki/Source/";
"/wiki/speculative_tor_attacks/" "/wiki/Speculative_Tor_Attacks/";
"/wiki/ssh/" "/wiki/SSH/";
"/wiki/sshfs_into_whonix-workstation/" "/wiki/Sshfs_into_Whonix-Workstation/";
"/wiki/starting_project/" "/wiki/Starting_Project/";
"/wiki/stay_tuned/" "/wiki/Stay_Tuned/";
"/wiki/stream_isolation/" "/wiki/Stream_Isolation/";
"/wiki/stream_isolation/disable_easy/" "/wiki/Stream_Isolation/Disable_Easy/";
"/wiki/stream_isolation/easy/" "/wiki/Stream_Isolation/Easy/";
"/wiki/stylometry/" "/wiki/Stylometry/";
"/wiki/support/" "/wiki/Support/";
"/wiki/surfing_posting_blogging/" "/wiki/Surfing_Posting_Blogging/";
"/wiki/surveillance_capabilities/" "/wiki/Surveillance_Capabilities/";
"/wiki/sysmaint/" "/wiki/Sysmaint/";
"/wiki/system_audit/" "/wiki/System_Audit/";
"/wiki/system_hardening_checklist/" "/wiki/System_Hardening_Checklist/";
"/wiki/system_requirements/" "/wiki/System_Requirements/";
"/wiki/systemd/" "/wiki/Systemd/";
"/wiki/teacher/" "/wiki/Teacher/";
"/wiki/telegram/" "/wiki/Telegram/";
"/wiki/terms_of_service/" "/wiki/Terms_of_Service/";
"/wiki/testpage-mass-headline-test/" "/wiki/Testpage-mass-headline-test/";
"/wiki/testpage-no-header-no-footer/" "/wiki/Testpage-no-header-no-footer/";
"/wiki/testpage-with-header-and-footer/" "/wiki/Testpage-with-header-and-footer/";
"/wiki/testpage1/" "/wiki/Testpage1/";
"/wiki/testpage2/" "/wiki/Testpage2/";
"/wiki/testpage4/" "/wiki/Testpage4/";
"/wiki/testpage_donors/" "/wiki/Testpage_Donors/";
"/wiki/testpageforflyinnotification/" "/wiki/TestpageForFlyInNotification/";
"/wiki/the_world_wide_web_and_your_privacy/" "/wiki/The_World_Wide_Web_And_Your_Privacy/";
"/wiki/third_party_images/" "/wiki/Third_Party_Images/";
"/wiki/time_attacks/" "/wiki/Time_Attacks/";
"/wiki/timezone/" "/wiki/Timezone/";
"/wiki/tips_on_remaining_anonymous/" "/wiki/Tips_on_Remaining_Anonymous/";
"/wiki/too_difficult/" "/wiki/Too_Difficult/";
"/wiki/tor-control-panel/" "/wiki/Tor-control-panel/";
"/wiki/tor-ctrl-observer/" "/wiki/Tor-ctrl-observer/";
"/wiki/tor/" "/wiki/Tor/";
"/wiki/tor_browser/" "/wiki/Tor_Browser/";
"/wiki/tor_browser/advanced_users/" "/wiki/Tor_Browser/Advanced_Users/";
"/wiki/tor_browser/manual_download/" "/wiki/Tor_Browser/Manual_Download/";
"/wiki/tor_controller/" "/wiki/Tor_Controller/";
"/wiki/tor_entry_guards/" "/wiki/Tor_Entry_Guards/";
"/wiki/tor_myths_and_misconceptions/" "/wiki/Tor_Myths_and_Misconceptions/";
"/wiki/tor_project/" "/wiki/Tor_Project/";
"/wiki/torify_host_operating_system/" "/wiki/Torify_Host_Operating_System/";
"/wiki/torrent/" "/wiki/Torrent/";
"/wiki/trademark_policy/" "/wiki/Trademark_Policy/";
"/wiki/transparency/" "/wiki/Transparency/";
"/wiki/troubleshooting/" "/wiki/Troubleshooting/";
"/wiki/trust/" "/wiki/Trust/";
"/wiki/tunnel_udp_over_tor/" "/wiki/Tunnel_UDP_over_Tor/";
"/wiki/tunnels/connecting_to_a_proxy_before_tor/" "/wiki/Tunnels/Connecting_to_a_proxy_before_Tor/";
"/wiki/tunnels/connecting_to_a_vpn_before_tor/" "/wiki/Tunnels/Connecting_to_a_VPN_before_Tor/";
"/wiki/tunnels/connecting_to_ssh_before_tor/" "/wiki/Tunnels/Connecting_to_SSH_before_Tor/";
"/wiki/tunnels/connecting_to_tor_before_a_proxy/" "/wiki/Tunnels/Connecting_to_Tor_before_a_proxy/";
"/wiki/tunnels/connecting_to_tor_before_a_proxy/proxy_settings_method/" "/wiki/Tunnels/Connecting_to_Tor_before_a_proxy/Proxy_Settings_Method/";
"/wiki/tunnels/connecting_to_tor_before_a_proxy/proxyfier_method/" "/wiki/Tunnels/Connecting_to_Tor_before_a_proxy/Proxyfier_Method/";
"/wiki/tunnels/connecting_to_tor_before_a_proxy/transparent_proxying_method/" "/wiki/Tunnels/Connecting_to_Tor_before_a_proxy/Transparent_Proxying_Method/";
"/wiki/tunnels/connecting_to_tor_before_a_vpn/" "/wiki/Tunnels/Connecting_to_Tor_before_a_VPN/";
"/wiki/tunnels/connecting_to_tor_before_ssh/" "/wiki/Tunnels/Connecting_to_Tor_before_SSH/";
"/wiki/tunnels/examples/" "/wiki/Tunnels/Examples/";
"/wiki/tunnels/introduction/" "/wiki/Tunnels/Introduction/";
"/wiki/tunnels/prevent_bypassing_the_tunnel-link/" "/wiki/Tunnels/Prevent_Bypassing_the_Tunnel-Link/";
"/wiki/ubuntu/" "/wiki/Ubuntu/";
"/wiki/ubuntu_tips/" "/wiki/Ubuntu_Tips/";
"/wiki/uninstall/" "/wiki/Uninstall/";
"/wiki/unistation/" "/wiki/UniStation/";
"/wiki/unspecific/" "/wiki/Unspecific/";
"/wiki/unstoppableswap/" "/wiki/UnstoppableSwap/";
"/wiki/unsupported/" "/wiki/Unsupported/";
"/wiki/usb_installation/" "/wiki/USB_Installation/";
"/wiki/usenet/" "/wiki/Usenet/";
"/wiki/users_of_whonix/" "/wiki/Users_of_Whonix/";
"/wiki/vanguards/" "/wiki/Vanguards/";
"/wiki/verifiable_builds/" "/wiki/Verifiable_Builds/";
"/wiki/verify_the_images/" "/wiki/Verify_the_images/";
"/wiki/verify_the_images_using_linux/" "/wiki/Verify_the_images_using_Linux/";
"/wiki/verify_the_images_using_macos/" "/wiki/Verify_the_images_using_macOS/";
"/wiki/verify_the_images_using_windows/" "/wiki/Verify_the_images_using_Windows/";
"/wiki/verify_tor_browser_in_windows/" "/wiki/Verify_Tor_Browser_in_Windows/";
"/wiki/vfaq/" "/wiki/VFAQ/";
"/wiki/videos/" "/wiki/Videos/";
"/wiki/virtualbox/" "/wiki/VirtualBox/";
"/wiki/virtualbox/appliance_is_not_signed/" "/wiki/VirtualBox/Appliance_is_not_signed/";
"/wiki/virtualbox/green_turtle_issue/" "/wiki/VirtualBox/Green_Turtle_Issue/";
"/wiki/virtualbox/manual_vm_import/" "/wiki/VirtualBox/Manual_VM_Import/";
"/wiki/virtualbox/recommended_version/" "/wiki/VirtualBox/Recommended_Version/";
"/wiki/vm_fingerprinting/" "/wiki/VM_Fingerprinting/";
"/wiki/vmware/" "/wiki/VMware/";
"/wiki/voip/" "/wiki/VoIP/";
"/wiki/vpn-firewall/" "/wiki/VPN-Firewall/";
"/wiki/warning/" "/wiki/Warning/";
"/wiki/what_we_do/" "/wiki/What_we_do/";
"/wiki/whonix-gateway/" "/wiki/Whonix-Gateway/";
"/wiki/whonix-gateway_firewall/" "/wiki/Whonix-Gateway_Firewall/";
"/wiki/whonix-gateway_own_traffic_transparent_proxy/" "/wiki/Whonix-Gateway_Own_Traffic_Transparent_Proxy/";
"/wiki/whonix-gateway_security/" "/wiki/Whonix-Gateway_Security/";
"/wiki/whonix-gateway_security_hardening/" "/wiki/Whonix-Gateway_Security_Hardening/";
"/wiki/whonix-gateway_system_dns/" "/wiki/Whonix-Gateway_System_DNS/";
"/wiki/whonix-host/" "/wiki/Whonix-Host/";
"/wiki/whonix-workstation/" "/wiki/Whonix-Workstation/";
"/wiki/whonix-workstation_firewall/" "/wiki/Whonix-Workstation_Firewall/";
"/wiki/whonix-workstation_security/" "/wiki/Whonix-Workstation_Security/";
"/wiki/whonix-workstation_security_hardening/" "/wiki/Whonix-Workstation_Security_Hardening/";
"/wiki/whonix-workstation_to_whonix-workstation_connections/" "/wiki/Whonix-Workstation_to_Whonix-Workstation_Connections/";
"/wiki/whonix_against_real_attacks/" "/wiki/Whonix_against_Real_Attacks/";
"/wiki/whonix_versus_proxies/" "/wiki/Whonix_versus_Proxies/";
"/wiki/whonix_versus_vpns/" "/wiki/Whonix_versus_VPNs/";
"/wiki/why_does_whonix_use_tor/" "/wiki/Why_does_Whonix_use_Tor/";
"/wiki/why_is_tor_slow/" "/wiki/Why_is_Tor_slow/";
"/wiki/wickr/" "/wiki/Wickr/";
"/wiki/wiki_comments_policy/" "/wiki/Wiki_Comments_Policy/";
"/wiki/wiki_editing_policy/" "/wiki/Wiki_Editing_Policy/";
"/wiki/wiki_history/" "/wiki/Wiki_History/";
"/wiki/windows_quick_start_testers_only_version/" "/wiki/Windows_Quick_Start_Testers_Only_Version/";
"/wiki/xcp-ng/" "/wiki/XCP-ng/";
"/wiki/yacy/" "/wiki/YaCy/";
"/wiki/youtube/" "/wiki/YouTube/";
"/wiki/yt-dlp/" "/wiki/Yt-dlp/";
"/wiki/zeronet/" "/wiki/ZeroNet/";
