"/wiki/2FA/" "/wiki/Moved:Two-factor_authentication_2FA/";
"/wiki/AEM/" "/wiki/Moved:AEM/";
"/wiki/Access_Host_from_VM/" "/wiki/Access_Local_Network_or_Host_or_Clearnet_Internet_from_VM/";
"/wiki/Access_Local_Network_or_Host_from_VM/" "/wiki/Access_Local_Network_or_Host_or_Clearnet_Internet_from_VM/";
"/wiki/Account_and_Mobile_Security/" "/wiki/Moved:Mobile_Phone_Security/";
"/wiki/Advanced_Attacks/" "/wiki/Advanced_Deanonymization_Attacks/";
"/wiki/Advanced_Host_Security/" "/wiki/Moved:Advanced_Host_Security/";
"/wiki/Advertisements/" "/wiki/Transparency/";
"/wiki/Air_Gapped_OpenPGP_Key/" "/wiki/Moved:Air_Gapped_OpenPGP_Key/";
"/wiki/Anondate/" "/wiki/Moved:Anondate/";
"/wiki/Anonymity_Network/" "/wiki/Dev/Anonymity_Network/";
"/wiki/Anti-Forensics_Precautions/" "/wiki/Moved:Anti-Forensics_Precautions/";
"/wiki/AppArmor/" "/wiki/Moved:AppArmor/";
"/wiki/AppArmor/HexChat/" "/wiki/Moved:AppArmor/";
"/wiki/AppArmor/Icedove/" "/wiki/Moved:AppArmor/";
"/wiki/AppArmor/Pidgin/" "/wiki/Moved:AppArmor/";
"/wiki/AppArmor/Timesync/" "/wiki/Moved:AppArmor/";
"/wiki/AppArmor/Tor_Browser_Bundle/" "/wiki/Moved:AppArmor/";
"/wiki/AppArmor/VirtualBox/" "/wiki/Moved:AppArmor/";
"/wiki/AppArmor/Whonixcheck/" "/wiki/Moved:AppArmor/";
"/wiki/AppArmor/XChat/" "/wiki/Moved:AppArmor/";
"/wiki/AppArmor/sdwdate/" "/wiki/Moved:AppArmor/";
"/wiki/Apparmor-profile-everything/" "/wiki/Moved:Apparmor-profile-everything/";
"/wiki/Apt-file/" "/wiki/Moved:Apt-file/";
"/wiki/Arm/" "/wiki/Tor_Controller/#Arm";
"/wiki/Authorship/" "/wiki/Credits/";
"/wiki/Avoid_nonfree_software/" "/wiki/Moved:Avoid_nonfreedom_software/";
"/wiki/Avoid_nonfreedom_software/" "/wiki/Moved:Avoid_nonfreedom_software/";
"/wiki/Bank_Wire/" "/wiki/Donate/Bank_Wire/";
"/wiki/Basic_Host_Security/" "/wiki/Essential_Host_Security/";
"/wiki/Basic_Security_Guide_Introduction/" "/wiki/Moved:Computer_Security_Introduction/";
"/wiki/Boot_Clock_Randomization/" "/wiki/Moved:Boot_Clock_Randomization/";
"/wiki/BrowserPlugins/" "/wiki/Browser_Plugins/";
"/wiki/Build_Anonymity/" "/wiki/Dev/Build_Anonymity/";
"/wiki/Build_Version/" "/wiki/Moved:Systemcheck/#Build_Version";
"/wiki/Building_Whonix-UI_for_Windows/" "/wiki/Dev/Windows_Starter/";
"/wiki/Building_the_Whonix-Installer_for_Windows/" "/wiki/Dev/Windows_Installer/";
"/wiki/CVE-2016-1252/" "/wiki/Moved:Update/";
"/wiki/ChangelogNEXT/" "/wiki/Changelog/";
"/wiki/Chat_Rules/" "/wiki/Policy_of_Website_and_Chat/";
"/wiki/Chroot/" "/wiki/Moved:Installation_of_Debian_based_Linux_distributions_in_a_folder_chroot/";
"/wiki/Codecrypt/" "/wiki/Moved:PQCrypto/";
"/wiki/Cold_Boot_Attack_Defense/" "/wiki/Moved:Cold_Boot_Attack_Defense/";
"/wiki/Command-not-found/" "/wiki/Moved:Command-not-found/";
"/wiki/Comparison_Of_Tor_Proxies_CGI_proxies_Proxy_Chains_And_VPN_Services/" "/wiki/Whonix_versus_Proxies/";
"/wiki/Comparison_Of_Tor_with_CGI_Proxies%2C_Proxy_Chains%2C_and_VPN_Services/" "/wiki/Whonix_versus_Proxies/";
"/wiki/Computer_Security_Introduction/" "/wiki/Moved:Computer_Security_Introduction/";
"/wiki/Configuration_Files/" "/wiki/Moved:Configuration_Files/";
"/wiki/Connections_between_Whonix-Gateway_and_Whonix-Workstation/" "/wiki/Connections_between_Gateway_and_Workstation/";
"/wiki/Copyrights/" "/wiki/Copyright/";
"/wiki/Core_Dumps/" "/wiki/Moved:Core_Dumps/";
"/wiki/Cryptocurrency_Security_Threats/" "/wiki/Moved:Cryptocurrency_Security_Threats/";
"/wiki/DMCA/" "/wiki/Terms_of_Service/#DMCA_Policy";
"/wiki/Datenschutz/" "/wiki/Privacy_Policy/";
"/wiki/Debian_Tips/" "/wiki/Moved:Debian_Tips/";
"/wiki/Debug-misc/" "/wiki/Moved:Debug-misc/";
"/wiki/Dev/" "/wiki/Design/";
"/wiki/Dev/APT_Pinning/" "/wiki/Moved:APT_Pinning/";
"/wiki/Dev/APT_Repository/" "/wiki/Moved:APT_Repository/";
"/wiki/Dev/About_Computer_%28In%29Security/" "/wiki/Moved:About_Computer_%28In%29Security/";
"/wiki/Dev/About_Debian_Packaging/" "/wiki/Moved:About_Debian_Packaging/";
"/wiki/Dev/About_Developers/" "/wiki/Design/";
"/wiki/Dev/About_Infrastructure/" "/wiki/Moved:About_Infrastructure/";
"/wiki/Dev/Advanced_Attacks/" "/wiki/Dev/Advanced_Deanonymization_Attacks/";
"/wiki/Dev/Affiliate/" "/wiki/Moved:Affiliate/";
"/wiki/Dev/Astra_Linux/" "/wiki/Moved:Astra_Linux/";
"/wiki/Dev/Authorship/" "/wiki/Credits/";
"/wiki/Dev/Automatic_Updates/" "/wiki/Moved:Automatic_Updates/";
"/wiki/Dev/Bug_Tracker/" "/wiki/Dev/Issue_Tracker/";
"/wiki/Dev/BuildDocumentation/" "/wiki/Dev/Build_Documentation/";
"/wiki/Dev/BuildDocumentation_8/" "/wiki/Dev/Build_Documentation/";
"/wiki/Dev/Build_Documentation/15_full/" "/wiki/Dev/Build_Documentation/";
"/wiki/Dev/Build_Documentation/Physical_Isolation/8/" "/wiki/Dev/Build_Documentation/Physical_Isolation/";
"/wiki/Dev/Build_Documentation/Upgrading_Whonix_Deb_Packages_from_Source_Code/" "/wiki/Dev/Build_Documentation/Upgrading_Derivative_Deb_Packages_from_Source_Code/";
"/wiki/Dev/Build_Documentation/VM/" "/wiki/Dev/Build_Documentation/images/";
"/wiki/Dev/Build_Documentation/apparmor-profile-torbrowser/" "/wiki/Dev/Build_Documentation/security-misc/";
"/wiki/Dev/Build_Documentation/monero-gui/" "/wiki/Moved:Dev/Build_Documentation/monero-gui/";
"/wiki/Dev/Building_Whonix-UI_for_Windows/" "/wiki/Dev/Windows_Starter/";
"/wiki/Dev/Building_the_Whonix-Installer_for_Windows/" "/wiki/Dev/Windows_Installer/";
"/wiki/Dev/CI/" "/wiki/Dev/Continuous_Integration/";
"/wiki/Dev/CPFP/" "/wiki/Dev/onion-grater/";
"/wiki/Dev/CSS/" "/wiki/Moved:Dev_CSS/";
"/wiki/Dev/Changelog/" "/wiki/Changelog/";
"/wiki/Dev/Changelog_Next_Version/" "/wiki/Changelog/";
"/wiki/Dev/Chromium/" "/wiki/Moved:Dev/Chromium/";
"/wiki/Dev/Control_Port_Filter_Proxy/" "/wiki/Dev/onion-grater/";
"/wiki/Dev/Design-Detailed/" "/wiki/Dev/Project_Networking/";
"/wiki/Dev/Design-Gateway/" "/wiki/Dev/Project_Networking/";
"/wiki/Dev/Design-Shared/" "/wiki/Dev/Project_Networking/";
"/wiki/Dev/Design-Workstation/" "/wiki/Dev/Project_Networking/";
"/wiki/Dev/Developer_Portal/" "/wiki/Moved:Developer_Portal/";
"/wiki/Dev/Documentation_Guidelines/" "/wiki/Moved:External_Redirects_Documentation/";
"/wiki/Dev/Documentation_Markup_Format_Converters/" "/wiki/Moved:Documentation_Markup_Format_Converters/";
"/wiki/Dev/Dummy_Tor/" "/wiki/Dev/anon-ws-disable-stacked-tor/";
"/wiki/Dev/Entropy/" "/wiki/Moved:Entropy/";
"/wiki/Dev/Expected_Build_Warnings/" "/wiki/Moved:Dev/Expected_Build_Warnings/";
"/wiki/Dev/Firejail/" "/wiki/Moved:Firejail/";
"/wiki/Dev/Firewall_Refactoring/" "/wiki/Moved:Firewall_Refactoring/";
"/wiki/Dev/HostKeys/" "/wiki/Moved:Special_Keys/";
"/wiki/Dev/KDE/" "/wiki/Design/";
"/wiki/Dev/Kicksecure_Default_Browser/" "/wiki/Moved:Dev/Kicksecure_Default_Browser/";
"/wiki/Dev/Ledger_Hardware_Wallet/" "/wiki/Moved:Dev-Ledger_Hardware_Wallet/";
"/wiki/Dev/Licensing/" "/wiki/Moved:Licensing/";
"/wiki/Dev/Linux_Installer/" "/wiki/Moved:Dev/Linux_Installer/";
"/wiki/Dev/Maintenance/" "/wiki/Moved:Maintenance/";
"/wiki/Dev/Mixmaster/" "/wiki/Mixmaster/";
"/wiki/Dev/Multiple_Whonix-Workstations/" "/wiki/Dev/Multiple_Workstations/";
"/wiki/Dev/Old_Changelog/" "/wiki/Changelog/";
"/wiki/Dev/OpenPGP_Signed_Website/" "/wiki/Moved:OpenPGP_Signed_Website/";
"/wiki/Dev/Other_Virtualization_Platforms/" "/wiki/Dev/Virtualization_Platform/#Other_Virtualization_Platforms";
"/wiki/Dev/Password_Manager/" "/wiki/Moved:Password_Manager/";
"/wiki/Dev/Permanent_Takedown_Attack_Defender/" "/wiki/Moved:Permanent_Takedown_Attack_Defender/";
"/wiki/Dev/Permissions/" "/wiki/Moved:Strong_Linux_User_Account_Isolation/";
"/wiki/Dev/Qubes_OS/" "/wiki/Dev/Qubes/";
"/wiki/Dev/RAM_Wipe/" "/wiki/Moved:RAM_Wipe/";
"/wiki/Dev/Relationship_With_Upstream/" "/wiki/Moved:Relationship_With_Upstream/";
"/wiki/Dev/SSL_Certificate_Pinning/" "/wiki/Moved:Dev/SSL_Certificate_Pinning/";
"/wiki/Dev/SecureDownloader/" "/wiki/Moved:Software_Signature_Verification_Usability_Issues_and_Proposed_Solutions/";
"/wiki/Dev/SourceCodeIntro/" "/wiki/Dev/Source_Code_Intro/";
"/wiki/Dev/Special_Keys/" "/wiki/Moved:Special_Keys/";
"/wiki/Dev/Split_GPG/" "/wiki/Moved:Split_GPG/";
"/wiki/Dev/Stateless/" "/wiki/Moved:Stateless/";
"/wiki/Dev/Strong_Linux_User_Account_Isolation/" "/wiki/Moved:Strong_Linux_User_Account_Isolation/";
"/wiki/Dev/Versioning_Format_Conventions/" "/wiki/Moved:Versioning_Format_Conventions/";
"/wiki/Dev/VirusForget/" "/wiki/Moved:VirusForget/";
"/wiki/Dev/Warrant_Canary_Draft/" "/wiki/Moved:Warrant_Canary_Draft/";
"/wiki/Dev/Web_Backend/" "/wiki/Moved:About_Infrastructure/";
"/wiki/Dev/Whonix-Windows-Installer/" "/wiki/Dev/Windows_Installer/";
"/wiki/Dev/Whonix_Networking/" "/wiki/Dev/Project_Networking/";
"/wiki/Dev/Windows_User_Interface/" "/wiki/Dev/Windows_Starter/";
"/wiki/Dev/advertising/" "/wiki/Moved:Advertising/";
"/wiki/Dev/bash/" "/wiki/Moved:Bash/";
"/wiki/Dev/boot_modes/" "/wiki/Moved:Boot_modes/";
"/wiki/Dev/cloud/" "/wiki/Moved:Dev_cloud/";
"/wiki/Dev/coding_style/" "/wiki/Moved:Coding_style/";
"/wiki/Dev/curl_bash_pipe/" "/wiki/Moved:Curl_bash_pipe/";
"/wiki/Dev/emergency-news/" "/wiki/Moved:Project-news/";
"/wiki/Dev/git/" "/wiki/Moved:Git/";
"/wiki/Dev/grsecurity/" "/wiki/Moved:Grsecurity/";
"/wiki/Dev/mediawiki/" "/wiki/Moved:Dev_mediawiki/";
"/wiki/Dev/mobile/" "/wiki/Moved:Mobile/";
"/wiki/Dev/nonfree/" "/wiki/Moved:Nonfree/";
"/wiki/Dev/pdt/" "/wiki/Moved:Permanent_Takedown_Attack_Defender/";
"/wiki/Dev/project-news/" "/wiki/Moved:Project-news/";
"/wiki/Dev/ptt/" "/wiki/Moved:Permanent_Takedown_Attack_Defender/";
"/wiki/Dev/remount-secure/" "/wiki/Moved:Remount-secure/";
"/wiki/Dev/sdwdate/" "/wiki/Moved:Dev_sdwdate/";
"/wiki/Dev/systemcheck/" "/wiki/Moved:Dev/systemcheck/";
"/wiki/Dev/website/" "/wiki/Moved:Dev_website/";
"/wiki/Dev/whonixsetup/" "/wiki/Dev/setup-dist/";
"/wiki/Dev/wiki/" "/wiki/Moved:Dev_wiki/";
"/wiki/Dev/yubikey/" "/wiki/Moved:Yubikey/";
"/wiki/Disable_TCP_and_ICMP_Timestamps/" "/wiki/Moved:Disable_TCP_and_ICMP_Timestamps/";
"/wiki/Disclaimer/" "/wiki/Terms_of_Service/";
"/wiki/DoNot/" "/wiki/Tips_on_Remaining_Anonymous/";
"/wiki/Donate_Bitcoin/" "/wiki/Donate/Bitcoin/";
"/wiki/Donate_Ethereum/" "/wiki/Donate/Ethereum/";
"/wiki/Donate_Monero/" "/wiki/Donate/Monero/";
"/wiki/Donate_by_Affiliate_Link/" "/wiki/Donate/Affiliate_Link/";
"/wiki/DownloadSecurity/" "/wiki/Moved:Download_Security/";
"/wiki/Download_Security/" "/wiki/Moved:Download_Security/";
"/wiki/ETH/" "/wiki/Ethereum/";
"/wiki/Edge/" "/wiki/Moved:Edge/";
"/wiki/Email/" "/wiki/E-Mail/";
"/wiki/Encrypted_Email_with_Thunderbird_and_Enigmail/" "/wiki/Encrypted_Email_with_Thunderbird/";
"/wiki/Encrypted_Images/" "/wiki/Moved:Encrypted_Images/";
"/wiki/FAQ2/" "/wiki/FAQ/";
"/wiki/Factory_Reset/" "/wiki/Moved:Factory_Reset/";
"/wiki/File:Installationofwhonixusb123143.jpg/" "/wiki/File:Usb_installation.jpg/";
"/wiki/File:Monero_donate_whonix.png/" "/wiki/File:Whonix_donate_monero.png/";
"/wiki/File:Qubes-Whonix-Gateway_TemplateVM_Qubes_VM_Manager_Settings.png/" "/wiki/File:Qubes-Whonix-Gateway_Template_Qubes_VM_Manager_Settings.png/";
"/wiki/File:Whonix_old_logo.png/" "/wiki/File:Logo_box.png/";
"/wiki/Firmware_Security_and_Updates/" "/wiki/Moved:Firmware_Security_and_Updates/";
"/wiki/Forcing_.onion_on_Whonix.org/" "/wiki/Forcing_.onion_on_Project/";
"/wiki/Forum_Best_Practices/" "/wiki/Moved:Forum_Best_Practices/";
"/wiki/Forum_Policy/" "/wiki/Policy_of_Website_and_Chat/";
"/wiki/Free_Support_Principle/" "/wiki/Self_Support_First_Policy/";
"/wiki/Freedom_Software/" "/wiki/Reasons_for_Freedom_Software/";
"/wiki/Full_Disk_Encryption/" "/wiki/Moved:Full_Disk_Encryption/";
"/wiki/Ga/" "/wiki/Moved:VirtualBox/Guest_Additions/#Issue";
"/wiki/General_Host_Security/" "/wiki/Moved:Basic_Host_Security/";
"/wiki/Google/" "/wiki/Moved:Google_Chrome_Repository_Insecurity/";
"/wiki/Google_Chrome_Repository_Insecurity/" "/wiki/Moved:Google_Chrome_Repository_Insecurity/";
"/wiki/Grow_Virtual_Harddisk/" "/wiki/Moved:Grow_Virtual_Harddisk/";
"/wiki/Grsecurity/" "/wiki/Deprecated/grsecurity/";
"/wiki/Grub-live/" "/wiki/Moved:Grub-live/";
"/wiki/Grub/" "/wiki/Moved:Grub/";
"/wiki/Haftungsausschluss/" "/wiki/Terms_of_Service/";
"/wiki/Hardened-kernel/" "/wiki/Moved:Hardened-kernel/";
"/wiki/Hardened_Debian/" "/wiki/Moved:Kicksecure/";
"/wiki/Hardened_Malloc/" "/wiki/Moved:Hardened_Malloc/";
"/wiki/Hardened_Malloc/Manual_Installation/" "/wiki/Moved:Hardened_Malloc/Manual_Installation/";
"/wiki/Hardened_Malloc_Kicksecure/" "/wiki/Moved:Hardened_Malloc_Kicksecure/";
"/wiki/Hardware_Threat_Minimization/" "/wiki/Moved:Hardware_Threat_Minimization/";
"/wiki/Hardware_Wallet_Security/" "/wiki/Moved:Hardware_Wallet_Security/";
"/wiki/Hidden_Services/" "/wiki/Onion_Services/";
"/wiki/Hide_Tor_and_Whonix_from_your_ISP/" "/wiki/Hide_Tor_from_your_Internet_Service_Provider/";
"/wiki/Higher_Screen_Resolution/" "/wiki/Moved:VirtualBox/Higher_Screen_Resolution_without_installing_VirtualBox_Guest_Additions/";
"/wiki/Homepage/" "/";
"/wiki/Host_Firewall_Basics/" "/wiki/Moved:Host_Firewall_Basics/";
"/wiki/Host_Live_Mode/" "/wiki/Moved:Host_Live_Mode/";
"/wiki/Host_Security/" "/wiki/Essential_Host_Security/";
"/wiki/Hosting/" "/wiki/Hosting_Location_Hidden_Services/";
"/wiki/HostingLocationHiddenServices/" "/wiki/Hosting_Location_Hidden_Services/";
"/wiki/Hosting_a_%28private%29_%28obfuscated%29_bridge_or_%28exit%29_relay/" "/wiki/Host_a_Bridge_or_Tor_Relay/";
"/wiki/I2p/" "/wiki/I2P/";
"/wiki/ISO/" "/wiki/Whonix-Host/";
"/wiki/Impressum/" "/wiki/Imprint/";
"/wiki/Inspiration/" "/wiki/Dev/Inspiration/";
"/wiki/Installation_of_Debian_based_Linux_distributions_in_a_folder_chroot/" "/wiki/Moved:Installation_of_Debian_based_Linux_distributions_in_a_folder_chroot/";
"/wiki/Ip-check.info/" "/wiki/Browser_Tests/";
"/wiki/KVM/Installation_Screenshots/" "/wiki/KVM/Minimalized_Installation/";
"/wiki/KVM/Project_Signing_Key/" "/wiki/Main/Project_Signing_Key/";
"/wiki/KVM/Verify_the_virtual_machine_images_using_Linux/" "/wiki/Verify_the_images_using_Linux/";
"/wiki/KVM/Verify_the_virtual_machine_images_using_the_command_line/" "/wiki/Verify_the_images_using_Linux/";
"/wiki/KVM/Whonix_Signing_Key/" "/wiki/Main/Project_Signing_Key/";
"/wiki/KVM_Testers_Only_Version/" "/wiki/KVM/";
"/wiki/Keepassxc/" "/wiki/Moved:Keepassxc/";
"/wiki/Kernel/" "/wiki/Moved:Kernel/";
"/wiki/Keyboard_Layout/" "/wiki/Moved:Keyboard_Layout/";
"/wiki/Keystroke_Deanonymization/" "/wiki/Keystroke_and_Mouse_Deanonymization/";
"/wiki/Keystroke_Fingerprinting/" "/wiki/Keystroke_and_Mouse_Deanonymization/";
"/wiki/Kicksecure/" "/wiki/Moved:Kicksecure/";
"/wiki/Kicksecure/About/" "/wiki/Moved:Kicksecure/About/";
"/wiki/Kicksecure/CLI/" "/wiki/Moved:Kicksecure/CLI/";
"/wiki/Kicksecure/Debian/" "/wiki/Moved:Kicksecure/Debian/";
"/wiki/Kicksecure/Download/" "/wiki/Moved:Kicksecure/Download/";
"/wiki/Kicksecure/KVM/" "/wiki/Moved:Kicksecure/KVM/";
"/wiki/Kicksecure/VirtualBox/" "/wiki/Moved:Kicksecure/VirtualBox/";
"/wiki/Kicksecure/XFCE/" "/wiki/Moved:Kicksecure/VirtualBox/";
"/wiki/Kicksecure/chroot/" "/wiki/Moved:Kicksecure/chroot/";
"/wiki/Kicksecure:Copyrights/" "/wiki/Copyright/";
"/wiki/Kloak/" "/wiki/Keystroke_and_Mouse_Deanonymization/#Kloak";
"/wiki/LKRG/" "/wiki/Moved:Linux_Kernel_Runtime_Guard_LKRG/";
"/wiki/LeakTests/" "/wiki/Dev/Leak_Tests/";
"/wiki/Ledger/" "/wiki/Moved:Ledger_Hardware_Wallet/";
"/wiki/Ledger_Hardware_Wallet/" "/wiki/Moved:Ledger_Hardware_Wallet/";
"/wiki/Ledger_Live_Installation_with_Verification/" "/wiki/Moved:Ledger_Live_Installation_with_Verification/";
"/wiki/Libre_Software/" "/wiki/Reasons_for_Freedom_Software/";
"/wiki/License_Agreement/" "/wiki/Copyright/";
"/wiki/Limitations_on_Free_Speech_on_Website_and_Chat/" "/wiki/Moved:Limitations_on_Free_Speech_on_Website_and_Chat/";
"/wiki/Limitations_on_Free_Speech_on_Whonix_Website/" "/wiki/Moved:Limitations_on_Free_Speech_on_Website_and_Chat/";
"/wiki/Limitations_on_Free_Speech_on_Whonix_Website_and_Whonix_Chat/" "/wiki/Moved:Limitations_on_Free_Speech_on_Website_and_Chat/";
"/wiki/Linux_Kernel_Runtime_Guard_LKRG/" "/wiki/Moved:Linux_Kernel_Runtime_Guard_LKRG/";
"/wiki/Linux_Kernel_Runtime_Guard_LKRG/Build_Debian_Package_from_Source_Code/" "/wiki/Moved:Linux_Kernel_Runtime_Guard_LKRG/Build_Debian_Package_from_Source_Code/";
"/wiki/Linux_Kernel_Runtime_Guard_LKRG/Build_Debian_Package_from_Source_Code/Easy/" "/wiki/Moved:Linux_Kernel_Runtime_Guard_LKRG/Build_Debian_Package_from_Source_Code/Easy/";
"/wiki/Linux_Kernel_Runtime_Guard_LKRG/Qubes/" "/wiki/Moved:Linux_Kernel_Runtime_Guard_LKRG_Qubes/";
"/wiki/Linux_User_Experience_versus_Commercial_Operating_Systems/" "/wiki/Moved:Linux_User_Experience_versus_Commercial_Operating_Systems/";
"/wiki/Login_spoofing/" "/wiki/Moved:Login_spoofing/";
"/wiki/Main/Whonix_Signing_Key/" "/wiki/Main/Project_Signing_Key/";
"/wiki/Main_Page/" "/wiki/About/";
"/wiki/Main_Page/de/" "/wiki/About/";
"/wiki/Malware/" "/wiki/Moved:Malware_and_Firmware_Trojans/";
"/wiki/Malware_and_Firmware_Trojans/" "/wiki/Moved:Malware_and_Firmware_Trojans/";
"/wiki/Manually_Downloading_Tor_Browser/" "/wiki/Tor_Browser/Manual_Download/";
"/wiki/Manually_Updating_Tor_Browser/" "/wiki/Tor_Browser/Manual_Download/";
"/wiki/MediaWiki:Priority_Support/" "/wiki/MediaWiki:Plus_Support/";
"/wiki/MediaWiki:Professional_Support/" "/wiki/MediaWiki:Premium_Support/";
"/wiki/Mental_Model/" "/wiki/Moved:Mental_Model/";
"/wiki/Microphone/" "/wiki/Moved:Hardware_Threat_Minimization/";
"/wiki/Miscellaneous_Threats_to_User_Freedom/" "/wiki/Moved:Miscellaneous_Threats_to_User_Freedom/";
"/wiki/Mobile_Operating_System_Comparison/" "/wiki/Moved:Mobile/";
"/wiki/Moved:AEM/" "https://www.kicksecure.com/wiki/AEM";
"/wiki/Moved:APT_Pinning/" "https://www.kicksecure.com/wiki/Dev/APT_Pinning";
"/wiki/Moved:APT_Repository/" "https://www.kicksecure.com/wiki/Dev/APT_Repository";
"/wiki/Moved:About_Computer_%28In%29Security/" "https://www.kicksecure.com/wiki/Dev/About_Computer_Insecurity";
"/wiki/Moved:About_Debian_Packaging/" "https://www.kicksecure.com/wiki/Dev/About_Debian_Packaging";
"/wiki/Moved:About_Infrastructure/" "https://www.kicksecure.com/wiki/Dev/About_Infrastructure";
"/wiki/Moved:Account_and_Mobile_Security/" "https://www.kicksecure.com/wiki/Mobile_Phone_Security";
"/wiki/Moved:Advanced_Host_Security/" "https://www.kicksecure.com/wiki/Advanced_Host_Security";
"/wiki/Moved:Advertising/" "https://www.kicksecure.com/wiki/Dev/advertising";
"/wiki/Moved:Affiliate/" "https://www.kicksecure.com/wiki/Dev/Affiliate";
"/wiki/Moved:Air_Gapped_OpenPGP_Key/" "https://www.kicksecure.com/wiki/Air_Gapped_OpenPGP_Key";
"/wiki/Moved:Anondate/" "https://www.kicksecure.com/wiki/Anondate";
"/wiki/Moved:Anti-Forensics_Precautions/" "https://www.kicksecure.com/wiki/Anti-Forensics_Precautions";
"/wiki/Moved:AppArmor/" "https://www.kicksecure.com/wiki/AppArmor";
"/wiki/Moved:Apparmor-profile-everything/" "https://www.kicksecure.com/wiki/Apparmor-profile-everything";
"/wiki/Moved:Apt-file/" "https://www.kicksecure.com/wiki/apt-file";
"/wiki/Moved:Astra_Linux/" "https://www.kicksecure.com/wiki/Dev/Astra_Linux";
"/wiki/Moved:Automatic_Updates/" "https://www.kicksecure.com/wiki/Dev/Automatic_Updates";
"/wiki/Moved:Avoid_nonfreedom_software/" "https://www.kicksecure.com/wiki/Avoid_nonfreedom_software";
"/wiki/Moved:Backup_VMs/" "https://www.kicksecure.com/wiki/Backup_VMs";
"/wiki/Moved:Bash/" "https://www.kicksecure.com/wiki/Dev/bash";
"/wiki/Moved:Basic_Host_Security/" "https://www.kicksecure.com/wiki/Essential_Host_Security";
"/wiki/Moved:Boot_Clock_Randomization/" "https://www.kicksecure.com/wiki/Boot_Clock_Randomization";
"/wiki/Moved:Boot_modes/" "https://www.kicksecure.com/wiki/Dev/user-sysmaint-split";
"/wiki/Moved:Coding_style/" "https://www.kicksecure.com/wiki/Dev/coding_style";
"/wiki/Moved:Cold_Boot_Attack_Defense/" "https://www.kicksecure.com/wiki/Cold_Boot_Attack_Defense";
"/wiki/Moved:Command-not-found/" "https://www.kicksecure.com/wiki/Command-not-found";
"/wiki/Moved:Computer_Security_Introduction/" "https://www.kicksecure.com/wiki/Computer_Security_Introduction";
"/wiki/Moved:Configuration_Files/" "https://www.kicksecure.com/wiki/Configuration_Files";
"/wiki/Moved:Core_Dumps/" "https://www.kicksecure.com/wiki/Core_Dumps";
"/wiki/Moved:Cryptocurrency_Security_Threats/" "https://www.kicksecure.com/wiki/Cryptocurrency_Security_Threats";
"/wiki/Moved:Curl_bash_pipe/" "https://www.kicksecure.com/wiki/Dev/curl_bash_pipe";
"/wiki/Moved:Debian_Tips/" "https://www.kicksecure.com/wiki/Debian_Tips";
"/wiki/Moved:Debug-misc/" "https://www.kicksecure.com/wiki/Debug-misc";
"/wiki/Moved:Dev-Ledger_Hardware_Wallet/" "https://www.kicksecure.com/wiki/Dev/Ledger_Hardware_Wallet";
"/wiki/Moved:Dev/Build_Documentation/monero-gui/" "https://www.kicksecure.com/wiki/Dev/Build_Documentation/monero-gui";
"/wiki/Moved:Dev/Chromium/" "https://www.kicksecure.com/wiki/Dev/Chromium";
"/wiki/Moved:Dev/Expected_Build_Warnings/" "https://www.kicksecure.com/wiki/Dev/Expected_Build_Warnings";
"/wiki/Moved:Dev/Kicksecure_Default_Browser/" "https://www.kicksecure.com/wiki/Dev/Default_Browser";
"/wiki/Moved:Dev/Linux_Installer/" "https://www.kicksecure.com/wiki/Dev/Linux_Installer";
"/wiki/Moved:Dev/SSL_Certificate_Pinning/" "https://www.kicksecure.com/wiki/Dev/SSL_Certificate_Pinning";
"/wiki/Moved:Dev/Virtualbox/" "https://www.kicksecure.com/wiki/Dev/VirtualBox";
"/wiki/Moved:Dev/systemcheck/" "https://www.kicksecure.com/wiki/Dev/systemcheck";
"/wiki/Moved:Dev_CSS/" "https://www.kicksecure.com/wiki/Dev/CSS";
"/wiki/Moved:Dev_cloud/" "https://www.kicksecure.com/wiki/Dev/confidential_computing";
"/wiki/Moved:Dev_mediawiki/" "https://www.kicksecure.com/wiki/Dev/mediawiki";
"/wiki/Moved:Dev_sdwdate/" "https://www.kicksecure.com/wiki/Dev/sdwdate";
"/wiki/Moved:Dev_website/" "https://www.kicksecure.com/wiki/Dev/website";
"/wiki/Moved:Dev_wiki/" "https://www.kicksecure.com/wiki/Dev/wiki";
"/wiki/Moved:Developer_Portal/" "https://www.kicksecure.com/wiki/Dev/Developer_Portal";
"/wiki/Moved:Disable_TCP_and_ICMP_Timestamps/" "https://www.kicksecure.com/wiki/Disable_TCP_and_ICMP_Timestamps";
"/wiki/Moved:Documentation_Markup_Format_Converters/" "https://www.kicksecure.com/wiki/Dev/Documentation_Markup_Format_Converters";
"/wiki/Moved:Download_Security/" "https://www.kicksecure.com/wiki/Download_Security";
"/wiki/Moved:Edge/" "https://www.kicksecure.com/wiki/Edge";
"/wiki/Moved:Encrypted_Images/" "https://www.kicksecure.com/wiki/Encrypted_Images";
"/wiki/Moved:Entropy/" "https://www.kicksecure.com/wiki/Dev/Entropy";
"/wiki/Moved:External_Redirects_Documentation/" "https://www.kicksecure.com/wiki/Dev/Documentation_Guidelines";
"/wiki/Moved:Factory_Reset/" "https://www.kicksecure.com/wiki/Factory_Reset";
"/wiki/Moved:Firejail/" "https://www.kicksecure.com/wiki/Dev/Firejail";
"/wiki/Moved:Firewall_Refactoring/" "https://www.kicksecure.com/wiki/Dev/Firewall_Refactoring";
"/wiki/Moved:Firmware_Security_and_Updates/" "https://www.kicksecure.com/wiki/Firmware_Security_and_Updates";
"/wiki/Moved:Forum_Best_Practices/" "https://www.kicksecure.com/wiki/Forum_Best_Practices";
"/wiki/Moved:Full_Disk_Encryption/" "https://www.kicksecure.com/wiki/Full_Disk_Encryption";
"/wiki/Moved:Git/" "https://www.kicksecure.com/wiki/Dev/git";
"/wiki/Moved:Google_Chrome_Repository_Insecurity/" "https://www.kicksecure.com/wiki/Google_Chrome_Repository_Insecurity";
"/wiki/Moved:Grow_Virtual_Harddisk/" "https://www.kicksecure.com/wiki/Grow_Virtual_Harddisk";
"/wiki/Moved:Grsecurity/" "https://www.kicksecure.com/wiki/Dev/grsecurity";
"/wiki/Moved:Grub-live/" "https://www.kicksecure.com/wiki/Grub-live";
"/wiki/Moved:Grub/" "https://www.kicksecure.com/wiki/Grub";
"/wiki/Moved:Hardened-kernel/" "https://www.kicksecure.com/wiki/Hardened-kernel";
"/wiki/Moved:Hardened_Malloc/" "https://www.kicksecure.com/wiki/Hardened_Malloc";
"/wiki/Moved:Hardened_Malloc/Manual_Installation/" "https://www.kicksecure.com/wiki/Hardened_Malloc/Manual_Installation";
"/wiki/Moved:Hardened_Malloc_Kicksecure/" "https://www.kicksecure.com/wiki/Hardened_Malloc_Kicksecure";
"/wiki/Moved:Hardware_Threat_Minimization/" "https://www.kicksecure.com/wiki/Hardware_Threat_Minimization";
"/wiki/Moved:Hardware_Wallet_Security/" "https://www.kicksecure.com/wiki/Hardware_Wallet_Security";
"/wiki/Moved:Host_Firewall_Basics/" "https://www.kicksecure.com/wiki/Host_Firewall_Basics";
"/wiki/Moved:Host_Live_Mode/" "https://www.kicksecure.com/wiki/Host_Live_Mode";
"/wiki/Moved:Immutable_Disk_Method_on_VirtualBox/" "https://www.kicksecure.com/wiki/VM_Live_Mode/Immutable_Disk_Method_on_VirtualBox";
"/wiki/Moved:Install_Software/" "https://www.kicksecure.com/wiki/Install_Software";
"/wiki/Moved:Installation_of_Debian_based_Linux_distributions_in_a_folder_chroot/" "https://www.kicksecure.com/wiki/Installation_of_Debian_based_Linux_distributions_in_a_folder_chroot";
"/wiki/Moved:Keepassxc/" "https://www.kicksecure.com/wiki/Keepassxc";
"/wiki/Moved:Kernel/" "https://www.kicksecure.com/wiki/Kernel";
"/wiki/Moved:Keyboard_Layout/" "https://www.kicksecure.com/wiki/Keyboard_Layout";
"/wiki/Moved:Keyboard_layout/" "https://www.kicksecure.com/wiki/Keyboard_Layout";
"/wiki/Moved:Kicksecure-Qubes_Security/" "https://www.kicksecure.com/wiki/Kicksecure-Qubes_Security";
"/wiki/Moved:Kicksecure/" "https://www.kicksecure.com";
"/wiki/Moved:Kicksecure/About/" "https://www.kicksecure.com/wiki/About";
"/wiki/Moved:Kicksecure/CLI/" "https://www.kicksecure.com/wiki/VirtualBox";
"/wiki/Moved:Kicksecure/Debian/" "https://www.kicksecure.com/wiki/Debian";
"/wiki/Moved:Kicksecure/Download/" "https://www.kicksecure.com/wiki/Download";
"/wiki/Moved:Kicksecure/KVM/" "https://www.kicksecure.com/wiki/KVM";
"/wiki/Moved:Kicksecure/VirtualBox/" "https://www.kicksecure.com/wiki/VirtualBox";
"/wiki/Moved:Kicksecure/XFCE/" "https://www.kicksecure.com/wiki/VirtualBox";
"/wiki/Moved:Kicksecure/chroot/" "https://www.kicksecure.com/wiki/Chroot";
"/wiki/Moved:Ledger_Hardware_Wallet/" "https://www.kicksecure.com/wiki/Ledger_Hardware_Wallet";
"/wiki/Moved:Ledger_Live_Installation_with_Verification/" "https://www.kicksecure.com/wiki/Ledger_Live_Installation_with_Verification";
"/wiki/Moved:Licensing/" "https://www.kicksecure.com/wiki/Dev/Licensing";
"/wiki/Moved:Limitations_on_Free_Speech_on_Website_and_Chat/" "https://www.kicksecure.com/wiki/Limitations_on_Free_Speech_on_Website_and_Chat";
"/wiki/Moved:Linux_Kernel_Runtime_Guard_LKRG/" "https://www.kicksecure.com/wiki/Linux_Kernel_Runtime_Guard_LKRG";
"/wiki/Moved:Linux_Kernel_Runtime_Guard_LKRG/Build_Debian_Package_from_Source_Code/" "https://www.kicksecure.com/wiki/Linux_Kernel_Runtime_Guard_LKRG/Build_Debian_Package_from_Source_Code";
"/wiki/Moved:Linux_Kernel_Runtime_Guard_LKRG/Build_Debian_Package_from_Source_Code/Easy/" "https://www.kicksecure.com/wiki/Linux_Kernel_Runtime_Guard_LKRG/Build_Debian_Package_from_Source_Code/Easy";
"/wiki/Moved:Linux_Kernel_Runtime_Guard_LKRG_Qubes/" "https://www.kicksecure.com/wiki/Linux_Kernel_Runtime_Guard_LKRG/Qubes";
"/wiki/Moved:Linux_User_Experience_versus_Commercial_Operating_Systems/" "https://www.kicksecure.com/wiki/Linux_User_Experience_versus_Commercial_Operating_Systems";
"/wiki/Moved:Login_spoofing/" "https://www.kicksecure.com/wiki/Login_spoofing";
"/wiki/Moved:Maintenance/" "https://www.kicksecure.com/wiki/Dev/Maintenance";
"/wiki/Moved:Malware_and_Firmware_Trojans/" "https://www.kicksecure.com/wiki/Malware_and_Firmware_Trojans";
"/wiki/Moved:Mental_Model/" "https://www.kicksecure.com/wiki/Mental_Model";
"/wiki/Moved:Miscellaneous_Threats_to_User_Freedom/" "https://www.kicksecure.com/wiki/Miscellaneous_Threats_to_User_Freedom";
"/wiki/Moved:Mobile/" "https://www.kicksecure.com/wiki/Mobile_Operating_System_Comparison";
"/wiki/Moved:Mobile_Phone_Security/" "https://www.kicksecure.com/wiki/Mobile_Phone_Security";
"/wiki/Moved:Nested_Virtualization/" "https://www.kicksecure.com/wiki/Nested_Virtualization";
"/wiki/Moved:Non_Anonymous_NAT_Traversal/" "https://www.kicksecure.com/wiki/Non_Anonymous_Onion_Encryption_and_NAT_Traversal";
"/wiki/Moved:Non_Anonymous_Onion_Encryption_and_NAT_Traversal/" "https://www.kicksecure.com/wiki/Non_Anonymous_Onion_Encryption_and_NAT_Traversal";
"/wiki/Moved:Nonfree/" "https://www.kicksecure.com/wiki/Dev/nonfree";
"/wiki/Moved:One_Time_Pad/" "https://www.kicksecure.com/wiki/One_Time_Pad";
"/wiki/Moved:Open-source_Hardware/" "https://www.kicksecure.com/wiki/Open-source_Hardware";
"/wiki/Moved:OpenPGP/" "https://www.kicksecure.com/wiki/OpenPGP";
"/wiki/Moved:OpenPGP_Certified/" "https://www.kicksecure.com/wiki/OpenPGP_Certified";
"/wiki/Moved:OpenPGP_Signed_Website/" "https://www.kicksecure.com/wiki/Dev/OpenPGP_Signed_Website";
"/wiki/Moved:Operating_System_Hardening/" "https://www.kicksecure.com/wiki/Operating_System_Hardening";
"/wiki/Moved:Operating_System_Software_and_Updates/" "https://www.kicksecure.com/wiki/Operating_System_Software_and_Updates";
"/wiki/Moved:Orca/" "https://www.kicksecure.com/wiki/Orca";
"/wiki/Moved:Out-of-band_Management_Technology/" "https://www.kicksecure.com/wiki/Out-of-band_Management_Technology";
"/wiki/Moved:Owncloud/" "https://www.kicksecure.com/wiki/Owncloud";
"/wiki/Moved:PQCrypto/" "https://www.kicksecure.com/wiki/PQCrypto";
"/wiki/Moved:Password_Manager/" "https://www.kicksecure.com/wiki/Dev/Password_Manager";
"/wiki/Moved:Passwords/" "https://www.kicksecure.com/wiki/Passwords";
"/wiki/Moved:Permanent_Takedown_Attack_Defender/" "https://www.kicksecure.com/wiki/Dev/Permanent_Takedown_Attack_Defender";
"/wiki/Moved:Point_Release/" "https://www.kicksecure.com/wiki/Point_Release";
"/wiki/Moved:Privacy_Policy_Technical_Details/" "https://www.kicksecure.com/wiki/Privacy_Policy_Technical_Details";
"/wiki/Moved:Processor_Microcode_Updates/" "https://www.kicksecure.com/wiki/Template:Processor_Microcode_Updates";
"/wiki/Moved:Project-news/" "https://www.kicksecure.com/wiki/Dev/project-news";
"/wiki/Moved:Protection_Against_Physical_Attacks/" "https://www.kicksecure.com/wiki/Protection_Against_Physical_Attacks";
"/wiki/Moved:Qubes_upgrade_dom0/" "https://www.kicksecure.com/wiki/Template:Qubes_upgrade_dom0";
"/wiki/Moved:RAM_Adjusted_Desktop_Starter/" "https://www.kicksecure.com/wiki/RAM_Adjusted_Desktop_Starter";
"/wiki/Moved:RAM_Wipe/" "https://www.kicksecure.com/wiki/Dev/RAM_Wipe";
"/wiki/Moved:Raw_Disk_Backup/" "https://www.kicksecure.com/wiki/Raw_Disk_Backup";
"/wiki/Moved:Recovery/" "https://www.kicksecure.com/wiki/Recovery";
"/wiki/Moved:Relationship_With_Upstream/" "https://www.kicksecure.com/wiki/Dev/Relationship_With_Upstream";
"/wiki/Moved:Remount-secure/" "https://www.kicksecure.com/wiki/Dev/remount-secure";
"/wiki/Moved:Ro-mode-init/" "https://www.kicksecure.com/wiki/VM_Live_Mode/ro-mode-init";
"/wiki/Moved:Root/" "https://www.kicksecure.com/wiki/Root";
"/wiki/Moved:Router_and_Local_Area_Network_Security/" "https://www.kicksecure.com/wiki/Router_and_Local_Area_Network_Security";
"/wiki/Moved:SSH/" "https://www.kicksecure.com/wiki/SSH";
"/wiki/Moved:SSL/" "https://www.kicksecure.com/wiki/SSL";
"/wiki/Moved:SUID_Disabler_and_Permission_Hardener/" "https://www.kicksecure.com/wiki/SUID_Disabler_and_Permission_Hardener";
"/wiki/Moved:Sandbox-app-launcher/" "https://www.kicksecure.com/wiki/Sandbox-app-launcher";
"/wiki/Moved:Sdwdate-gui/" "https://www.kicksecure.com/wiki/Sdwdate-gui";
"/wiki/Moved:Sdwdate/" "https://www.kicksecure.com/wiki/Sdwdate";
"/wiki/Moved:Secure_Downloads/" "https://www.kicksecure.com/wiki/Secure_Downloads";
"/wiki/Moved:Security-misc/" "https://www.kicksecure.com/wiki/Security-misc";
"/wiki/Moved:Security_Roadmap/" "https://www.kicksecure.com/wiki/Security_Roadmap";
"/wiki/Moved:Server_Security_Guide/" "https://www.kicksecure.com/wiki/Server_Security_Guide";
"/wiki/Moved:Signify/" "https://www.kicksecure.com/wiki/Signify";
"/wiki/Moved:Social_Engineering/" "https://www.kicksecure.com/wiki/Social_Engineering";
"/wiki/Moved:Software/" "https://www.kicksecure.com/wiki/Software";
"/wiki/Moved:Software_Signature_Verification_Usability_Issues_and_Proposed_Solutions/" "https://www.kicksecure.com/wiki/Software_Signature_Verification_Usability_Issues_and_Proposed_Solutions";
"/wiki/Moved:Sparse_files/" "https://www.kicksecure.com/wiki/Sparse_files";
"/wiki/Moved:Special_Keys/" "https://www.kicksecure.com/wiki/Dev/Special_Keys";
"/wiki/Moved:Spectre_Meltdown/" "https://www.kicksecure.com/wiki/Spectre_Meltdown";
"/wiki/Moved:Split_GPG/" "https://www.kicksecure.com/wiki/Dev/Split_GPG";
"/wiki/Moved:Stable_Version_User_Experience/" "https://www.kicksecure.com/wiki/Stable_Version_User_Experience";
"/wiki/Moved:Stateless/" "https://www.kicksecure.com/wiki/Dev/Stateless";
"/wiki/Moved:Strong_Linux_User_Account_Isolation/" "https://www.kicksecure.com/wiki/Dev/Strong_Linux_User_Account_Isolation";
"/wiki/Moved:Swap-file-creator/" "https://www.kicksecure.com/wiki/Swap-file-creator";
"/wiki/Moved:SysRq/" "https://www.kicksecure.com/wiki/SysRq";
"/wiki/Moved:System_Audit/" "https://www.kicksecure.com/wiki/System_Audit";
"/wiki/Moved:System_Configuration_and_Access/" "https://www.kicksecure.com/wiki/System_Configuration_and_Access";
"/wiki/Moved:Systemcheck/" "https://www.kicksecure.com/wiki/Systemcheck";
"/wiki/Moved:Systemcheck_Hardening/" "https://www.kicksecure.com/wiki/Systemcheck_Hardening";
"/wiki/Moved:Test/" "https://www.kicksecure.com/wiki/Test";
"/wiki/Moved:Tor_Versioning/" "https://www.kicksecure.com/wiki/Tor_Versioning";
"/wiki/Moved:Trezor_Hardware_Wallet/" "https://www.kicksecure.com/wiki/Trezor_Hardware_Wallet";
"/wiki/Moved:Tuning/" "https://www.kicksecure.com/wiki/Tuning";
"/wiki/Moved:Two-factor_authentication_2FA/" "https://www.kicksecure.com/wiki/Two-factor_authentication_2FA";
"/wiki/Moved:Update/" "https://www.kicksecure.com/wiki/Operating_System_Software_and_Updates";
"/wiki/Moved:VM_Live_Mode/" "https://www.kicksecure.com/wiki/VM_Live_Mode";
"/wiki/Moved:VM_Live_Mode/Read_Only_Mode_Hard_Drive/" "https://www.kicksecure.com/wiki/VM_Live_Mode/Read_Only_Mode_Hard_Drive";
"/wiki/Moved:Verified_Boot/" "https://www.kicksecure.com/wiki/Verified_Boot";
"/wiki/Moved:Verifying_Software_Signatures/" "https://www.kicksecure.com/wiki/Verifying_Software_Signatures";
"/wiki/Moved:Versioning_Format_Conventions/" "https://www.kicksecure.com/wiki/Dev/Versioning_Format_Conventions";
"/wiki/Moved:VirtualBox/Guest_Additions/" "https://www.kicksecure.com/wiki/VirtualBox/Guest_Additions";
"/wiki/Moved:VirtualBox/Higher_Screen_Resolution_without_installing_VirtualBox_Guest_Additions/" "https://www.kicksecure.com/wiki/VirtualBox/Higher_Screen_Resolution_without_installing_VirtualBox_Guest_Additions";
"/wiki/Moved:VirtualBox/Other_Versions/" "https://www.kicksecure.com/wiki/VirtualBox/Other_Versions";
"/wiki/Moved:VirtualBox/Troubleshooting/" "https://www.kicksecure.com/wiki/VirtualBox/Troubleshooting";
"/wiki/Moved:Virtualization_Platform_Security/" "https://www.kicksecure.com/wiki/Virtualization_Platform_Security";
"/wiki/Moved:VirusForget/" "https://www.kicksecure.com/wiki/Dev/VirusForget";
"/wiki/Moved:Warrant_Canary_Draft/" "https://www.kicksecure.com/wiki/Dev/Warrant_Canary_Draft";
"/wiki/Moved:Website_Tests/" "https://www.kicksecure.com/wiki/Website_Tests";
"/wiki/Moved:Windows_Hosts/" "https://www.kicksecure.com/wiki/Windows_Hosts";
"/wiki/Moved:Yubikey/" "https://www.kicksecure.com/wiki/Dev/yubikey";
"/wiki/Multiple_Qubes-Whonix_TemplateVMs/" "/wiki/Multiple_Qubes-Whonix_Templates/";
"/wiki/Multiple_Whonix-Gateways/" "/wiki/Multiple_Whonix-Gateway/";
"/wiki/Multiple_Whonix-Workstations/" "/wiki/Multiple_Whonix-Workstation/";
"/wiki/Nested_Virtualization/" "/wiki/Moved:Nested_Virtualization/";
"/wiki/Next/" "/wiki/Documentation/";
"/wiki/Non-free/" "/wiki/Moved:Avoid_nonfreedom_software/";
"/wiki/Non_Anonymous_NAT_Traversal/" "/wiki/Moved:Non_Anonymous_Onion_Encryption_and_NAT_Traversal/";
"/wiki/Non_Anonymous_Onion_Encryption_and_NAT_Traversal/" "/wiki/Moved:Non_Anonymous_Onion_Encryption_and_NAT_Traversal/";
"/wiki/Nonfree/" "/wiki/Moved:Avoid_nonfreedom_software/";
"/wiki/Nyx/" "/wiki/Tor_Controller/#Nyx";
"/wiki/Official_Whonix_Online_Profiles/" "/wiki/Official_Online_Profiles/";
"/wiki/Offline_Key/" "/wiki/Moved:Air_Gapped_OpenPGP_Key/";
"/wiki/Old_Whonix_Versions_and_News/" "/wiki/Old_Project_Versions_and_News/";
"/wiki/OneVM/" "/wiki/UniStation/";
"/wiki/One_Time_Pad/" "/wiki/Moved:One_Time_Pad/";
"/wiki/Onionshare/" "/wiki/OnionShare/";
"/wiki/Open-source_Hardware/" "/wiki/Moved:Open-source_Hardware/";
"/wiki/OpenPGP/" "/wiki/Moved:OpenPGP/";
"/wiki/OpenPGP_Certified/" "/wiki/Moved:OpenPGP_Certified/";
"/wiki/OperatingSystem/" "/wiki/Dev/Operating_System/";
"/wiki/Operating_System/" "/wiki/Dev/Operating_System/";
"/wiki/Operating_System_Hardening/" "/wiki/Moved:Operating_System_Hardening/";
"/wiki/Operating_System_Software_and_Updates/" "/wiki/Moved:Operating_System_Software_and_Updates/";
"/wiki/Orca/" "/wiki/Moved:Orca/";
"/wiki/OtherAnonymizingNetworks/" "/wiki/Other_Anonymizing_Networks/";
"/wiki/OtherOperatingSystems/" "/wiki/Other_Operating_Systems/";
"/wiki/Out-of-band_Management_Technology/" "/wiki/Moved:Out-of-band_Management_Technology/";
"/wiki/Owncloud/" "/wiki/Moved:Owncloud/";
"/wiki/PQCrypto/" "/wiki/Moved:PQCrypto/";
"/wiki/Passwords/" "/wiki/Moved:Passwords/";
"/wiki/Pay_by_PayPal_Subscription/" "/wiki/Donate/PayPal/";
"/wiki/Payments/" "/wiki/Donate/";
"/wiki/Payments/AUD/" "/wiki/Donate/AUD/";
"/wiki/Payments/EUR/" "/wiki/Donate/EUR/";
"/wiki/Payments/GBP/" "/wiki/Donate/GBP/";
"/wiki/Payments/USD/" "/wiki/Donate/USD/";
"/wiki/PhysicalIsolation/" "/wiki/Dev/Build_Documentation/Physical_Isolation/";
"/wiki/Physical_Isolation/" "/wiki/Dev/Build_Documentation/Physical_Isolation/";
"/wiki/Point_Release/" "/wiki/Moved:Point_Release/";
"/wiki/Policy_of_Whonix_Website_and_Whonix_Chat/" "/wiki/Policy_of_Website_and_Chat/";
"/wiki/Pre_Install_Advice/" "/wiki/Computer_Security_Education/";
"/wiki/Priority_Support/" "/wiki/Plus_Support/";
"/wiki/Privacy_Policy_Technical_Details/" "/wiki/Moved:Privacy_Policy_Technical_Details/";
"/wiki/Professional_Support/" "/wiki/Premium_Support/";
"/wiki/Project_on_USB/" "/wiki/USB_Installation/";
"/wiki/Protection_Against_Physical_Attacks/" "/wiki/Moved:Protection_Against_Physical_Attacks/";
"/wiki/Qubes-Whonix/" "/wiki/Qubes/";
"/wiki/Qubes-Whonix_Security/" "/wiki/Moved:Kicksecure-Qubes_Security/";
"/wiki/Qubes/AppArmor/" "/wiki/Moved:AppArmor/";
"/wiki/Qubes/Binary_Install/" "/wiki/Qubes/Install/";
"/wiki/Qubes/Binary_Update/" "/wiki/Moved:Update/";
"/wiki/Qubes/Clone_VMs/" "/wiki/Multiple_Whonix-Workstation/#Cloning_Templates";
"/wiki/Qubes/Create_Gateway_ProxyVMs/" "/wiki/Multiple_Whonix-Gateway/";
"/wiki/Qubes/Create_Workstation_AppVMs/" "/wiki/Multiple_Whonix-Workstation/";
"/wiki/Qubes/DisposableVM/" "/wiki/Qubes/Disposables/";
"/wiki/Qubes/Disposable_VM/" "/wiki/Qubes/Disposables/";
"/wiki/Qubes/Install/Testing/" "/wiki/Qubes/Install/";
"/wiki/Qubes/Reinstall/Testing/" "/wiki/Qubes/Reinstall/";
"/wiki/Qubes/Update/" "/wiki/Moved:Update/";
"/wiki/Qubes_OS/" "/wiki/Qubes/";
"/wiki/Quick_Start_Guide/" "/wiki/Documentation/";
"/wiki/RAM_Adjusted_Desktop_Starter/" "/wiki/Moved:RAM_Adjusted_Desktop_Starter/";
"/wiki/Rads/" "/wiki/Moved:RAM_Adjusted_Desktop_Starter/";
"/wiki/Raw_Disk_Backup/" "/wiki/Moved:Raw_Disk_Backup/";
"/wiki/Recovery/" "/wiki/Moved:Recovery/";
"/wiki/Reinstall_Qubes-Whonix_TemplateVMs/" "/wiki/Qubes/Reinstall/";
"/wiki/Reinstall_Qubes-Whonix_Templates/" "/wiki/Qubes/Reinstall/";
"/wiki/Release_Notes/" "/wiki/Changelog/";
"/wiki/Root/" "/wiki/Moved:Root/";
"/wiki/Router_and_Local_Area_Network_Security/" "/wiki/Moved:Router_and_Local_Area_Network_Security/";
"/wiki/SSL/" "/wiki/Moved:SSL/";
"/wiki/SUID_Disabler_and_Permission_Hardener/" "/wiki/Moved:SUID_Disabler_and_Permission_Hardener/";
"/wiki/Sandbox-app-launcher/" "/wiki/Moved:Sandbox-app-launcher/";
"/wiki/SecBrowser/Debian/" "/wiki/SecBrowser/";
"/wiki/SecBrowser/Downloader_by_Whonix/" "/wiki/Tor_Browser/#Tor_Browser_Downloader_by_{{project_name_long}}";
"/wiki/SecBrowser/Qubes/" "/wiki/SecBrowser/";
"/wiki/SecBrowser/Windows/" "/wiki/SecBrowser/";
"/wiki/SecBrowser/macOS/" "/wiki/SecBrowser/";
"/wiki/SecBrowser_in_Debian/" "/wiki/SecBrowser/";
"/wiki/Secondary_DNS_Resolver/" "/wiki/Alternative_DNS_Resolver/";
"/wiki/Secure_Downloads/" "/wiki/Moved:Secure_Downloads/";
"/wiki/Security-misc/" "/wiki/Moved:Security-misc/";
"/wiki/SecurityGuide/" "/wiki/Security_Guide/";
"/wiki/Security_Hardening_Checklist/" "/wiki/System_Hardening_Checklist/";
"/wiki/Security_in_Real_World/" "/wiki/Whonix_against_Real_Attacks/";
"/wiki/Serial_Console/" "/wiki/Moved:Recovery/";
"/wiki/Server_Security_Guide/" "/wiki/Moved:Server_Security_Guide/";
"/wiki/Signify/" "/wiki/Moved:Signify/";
"/wiki/Social_Engineering/" "/wiki/Moved:Social_Engineering/";
"/wiki/Software/" "/wiki/Moved:Software/";
"/wiki/Software_Signature_Verification_Usability_Issues_and_Proposed_Solutions/" "/wiki/Moved:Software_Signature_Verification_Usability_Issues_and_Proposed_Solutions/";
"/wiki/Sparse_files/" "/wiki/Moved:Sparse_files/";
"/wiki/Spectre_Meltdown/" "/wiki/Moved:Spectre_Meltdown/";
"/wiki/Stable_Release/" "/wiki/Changelog/";
"/wiki/Stable_Version_User_Experience/" "/wiki/Moved:Stable_Version_User_Experience/";
"/wiki/Starting_Whonix/" "/wiki/Starting_Project/";
"/wiki/Supported_Platforms/" "/wiki/Download/";
"/wiki/Swap-file-creator/" "/wiki/Moved:Swap-file-creator/";
"/wiki/Swap/" "/wiki/Post_Install_Advice/#Increase_Virtual_Machine_RAM";
"/wiki/SysRq/" "/wiki/Moved:SysRq/";
"/wiki/System_Check/" "/wiki/Moved:System_Audit/";
"/wiki/System_Configuration_and_Access/" "/wiki/Moved:System_Configuration_and_Access/";
"/wiki/Systemcheck/" "/wiki/Moved:Systemcheck/";
"/wiki/Systemcheck_Hardening/" "/wiki/Moved:Systemcheck_Hardening/";
"/wiki/Systemd-socket-proxyd/" "/wiki/Redirect_Whonix-Workstation_Ports_or_Unix_Domain_Socket_Files_to_Whonix-Gateway/";
"/wiki/TBB/" "/wiki/Tor_Browser/";
"/wiki/Team/" "/wiki/Contributors/";
"/wiki/Technical_Introduction/" "/wiki/Dev/Technical_Introduction/";
"/wiki/Telegram_Chat/" "/wiki/Project_Chat/";
"/wiki/Template:Firewall_Settings_Gateway/" "/wiki/Template:Firewall_Settings/";
"/wiki/Template:Header2/" "/wiki/Template:Header_Dev/";
"/wiki/Template:Pre_Install_Advice/" "/wiki/Template:Computer_Security_Education/";
"/wiki/Template:Processor_Microcode_Updates/" "/wiki/Moved:Processor_Microcode_Updates/";
"/wiki/Template:Professional_Support/" "/wiki/Template:Premium_Support/";
"/wiki/Template:Professional_Support_Skills/" "/wiki/Template:Premium_Support_Skills/";
"/wiki/Template:Systemd-socket-proxyd/" "/wiki/Redirect_Whonix-Workstation_Ports_or_Unix_Domain_Socket_Files_to_Whonix-Gateway/";
"/wiki/Template:Torify_apt-get_traffic/" "/wiki/Template:Torify_APT_traffic/";
"/wiki/Template:Torify_apt_traffic/" "/wiki/Template:Torify_APT_traffic/";
"/wiki/Template:Verify_the_virtual_machine_images/" "/wiki/Template:Verify_the_images/";
"/wiki/Terms_of_Use/" "/wiki/Terms_of_Service/";
"/wiki/Test/" "/wiki/Moved:Test/";
"/wiki/TestVPN/" "/wiki/Tunnels/Examples/";
"/wiki/Testers_Release/" "/wiki/Changelog/";
"/wiki/Testpage/" "/wiki/Testpage4/";
"/wiki/Testpage3/" "/wiki/Testpage4/";
"/wiki/This_is_MediaWiki:Mobile-frontend-terms-url./" "/wiki/Terms_of_Service/";
"/wiki/TimeSync/" "/wiki/Dev/TimeSync/";
"/wiki/Tor-ctrl-observe/" "/wiki/Tor-ctrl-observer/";
"/wiki/TorBirdy/" "/wiki/E-Mail/#TorBirdy";
"/wiki/TorBrowser/" "/wiki/Tor_Browser/";
"/wiki/TorChat/" "/wiki/Chat/#TorChat";
"/wiki/TorController/" "/wiki/Tor_Controller/";
"/wiki/Tor_Browser/Download_Confirmation_Screen/" "/wiki/Tor_Browser/#Download_Confirmation_Screen";
"/wiki/Tor_Browser/Downloader_by_Whonix/" "/wiki/Tor_Browser/#Tor_Browser_Downloader_by";
"/wiki/Tor_Browser/Installation_Confirmation_Screen/" "/wiki/Tor_Browser/#Installation_Confirmation_Screen";
"/wiki/Tor_Browser/Internal_Updater/" "/wiki/Tor_Browser/#Tor_Browser_Internal_Updater";
"/wiki/Tor_Browser_without_Tor/" "/wiki/SecBrowser/";
"/wiki/Tor_Browser_without_Tor/SecBrowser/" "/wiki/SecBrowser/";
"/wiki/Tor_Messenger/" "/wiki/Chat/#Tor_Messenger";
"/wiki/Tor_Versioning/" "/wiki/Moved:Tor_Versioning/";
"/wiki/Tor_vs_Proxy/" "/wiki/Whonix_versus_Proxies/";
"/wiki/Transporting_UDP_Tunnels_over_Tor/" "/wiki/Tunnel_UDP_over_Tor/";
"/wiki/Trezor_Hardware_Wallet/" "/wiki/Moved:Trezor_Hardware_Wallet/";
"/wiki/TrustingWhonixSigningKey/" "/wiki/Signing_Key/";
"/wiki/Trusting_Whonix_Signing_Key/" "/wiki/Signing_Key/";
"/wiki/Tuning/" "/wiki/Moved:Tuning/";
"/wiki/Tunnel_Proxy_or_SSH_or_VPN_through_Tor/" "/wiki/Tunnels/Introduction/";
"/wiki/Tunnel_Tor_through_proxy_or_VPN_or_SSH/" "/wiki/Tunnels/Introduction/";
"/wiki/Tunnels/" "/wiki/Tunnels/Introduction/";
"/wiki/Two-factor_authentication_2FA/" "/wiki/Moved:Two-factor_authentication_2FA/";
"/wiki/UDP/" "/wiki/Tunnel_UDP_over_Tor/";
"/wiki/Undocumented/" "/wiki/Unsupported/";
"/wiki/Untested/" "/wiki/Unsupported/";
"/wiki/Update/" "/wiki/Moved:Update/";
"/wiki/Upgrade/" "/wiki/Moved:Operating_System_Software_and_Updates/";
"/wiki/Upgrading_Whonix_10_to_Whonix_11/" "/wiki/Release_Upgrade/";
"/wiki/Upgrading_Whonix_11_to_Whonix_12/" "/wiki/Release_Upgrade/";
"/wiki/Upgrading_Whonix_12_to_Whonix_13/" "/wiki/Release_Upgrade/";
"/wiki/Upgrading_Whonix_13_to_Whonix_14/" "/wiki/Release_Upgrade/";
"/wiki/Upgrading_Whonix_14_to_Whonix_15/" "/wiki/Release_Upgrade/";
"/wiki/Upgrading_Whonix_15_to_Whonix_16/" "/wiki/Release_Upgrade_Whonix_15_to_Whonix_16/";
"/wiki/Upgrading_Whonix_8_to_Whonix_9/" "/wiki/Release_Upgrade/";
"/wiki/Using_Tunnels_with_Whonix/" "/wiki/Tunnels/Introduction/";
"/wiki/VM_Live_Mode/" "/wiki/Moved:VM_Live_Mode/";
"/wiki/VM_Live_Mode/Immutable_Disk_Method_on_VirtualBox/" "/wiki/Moved:Immutable_Disk_Method_on_VirtualBox/";
"/wiki/VM_Live_Mode/Read_Only_Mode_Hard_Drive/" "/wiki/Moved:VM_Live_Mode/Read_Only_Mode_Hard_Drive/";
"/wiki/VM_Live_Mode/ro-mode-init/" "/wiki/Moved:Ro-mode-init/";
"/wiki/VNC/" "/wiki/Remote_Administration/";
"/wiki/Vc/" "/wiki/Desktop/#Virtual_Consoles";
"/wiki/Verification_Assets/" "/wiki/Trust/";
"/wiki/Verified_Boot/" "/wiki/Moved:Verified_Boot/";
"/wiki/Verify_the_Project_Windows_Installer/" "/wiki/Verify_the_images_using_Windows/";
"/wiki/Verify_the_Whonix_Windows_Installer/" "/wiki/Verify_the_images_using_Windows/";
"/wiki/Verify_the_Whonix_images/" "/wiki/Verify_the_images/";
"/wiki/Verify_the_virtual_machine_images/" "/wiki/Verify_the_images/";
"/wiki/Verify_the_virtual_machine_images_using_Linux/" "/wiki/Verify_the_images_using_Linux/";
"/wiki/Verify_the_virtual_machine_images_using_Mac/" "/wiki/Verify_the_images_using_macOS/";
"/wiki/Verify_the_virtual_machine_images_using_Windows/" "/wiki/Verify_the_images_using_Windows/";
"/wiki/Verify_the_virtual_machine_images_using_macOS/" "/wiki/Verify_the_images_using_macOS/";
"/wiki/Verify_the_virtual_machine_images_using_other_operating_systems/" "/wiki/Signing_Key/";
"/wiki/Verify_the_virtual_machine_images_using_the_command_line/" "/wiki/Verify_the_images_using_Linux/";
"/wiki/Verifying_Software_Signatures/" "/wiki/Moved:Verifying_Software_Signatures/";
"/wiki/Vidalia/" "/wiki/Deprecated/Vidalia/";
"/wiki/VirtualBox/CLI/" "/wiki/VirtualBox/";
"/wiki/VirtualBox/Guest_Additions/" "/wiki/Moved:VirtualBox/Guest_Additions/";
"/wiki/VirtualBox/Higher_Screen_Resolution_without_installing_VirtualBox_Guest_Additions/" "/wiki/Moved:VirtualBox/Higher_Screen_Resolution_without_installing_VirtualBox_Guest_Additions/";
"/wiki/VirtualBox/KDE/" "/wiki/VirtualBox/";
"/wiki/VirtualBox/Other_Versions/" "/wiki/Moved:VirtualBox/Other_Versions/";
"/wiki/VirtualBox/Troubleshooting/" "/wiki/Moved:VirtualBox/Troubleshooting/";
"/wiki/VirtualBox/Verify_the_virtual_machine_images_using_Linux/" "/wiki/Verify_the_images_using_Linux/";
"/wiki/VirtualBox/Verify_the_virtual_machine_images_using_the_command_line/" "/wiki/Verify_the_images_using_Linux/";
"/wiki/VirtualBox/XFCE/" "/wiki/VirtualBox/";
"/wiki/VirtualBox_Testers_Only_Version/" "/wiki/VirtualBox/";
"/wiki/VirtualBox_Testers_Only_Version/CLI/" "/wiki/VirtualBox/";
"/wiki/VirtualBox_Testers_Only_Version/KDE/" "/wiki/VirtualBox/";
"/wiki/VirtualBox_Testers_Only_Version/XFCE/" "/wiki/VirtualBox/";
"/wiki/Virtualization_Platform_Security/" "/wiki/Moved:Virtualization_Platform_Security/";
"/wiki/Voip/" "/wiki/VoIP/";
"/wiki/Vu/" "/wiki/Desktop/#Virtual_Consoles";
"/wiki/Website_Tests/" "/wiki/Moved:Website_Tests/";
"/wiki/Whonix-APT-Repository/" "/wiki/Project-APT-Repository/";
"/wiki/Whonix-Gateways_Own_Traffic_Transparent_Proxy/" "/wiki/Whonix-Gateway_Own_Traffic_Transparent_Proxy/";
"/wiki/Whonix/" "/wiki/About/";
"/wiki/Whonix:About/" "/wiki/About/";
"/wiki/Whonix:Copyrights/" "/wiki/Copyright/";
"/wiki/Whonix:General_disclaimer/" "/wiki/Terms_of_Service/";
"/wiki/Whonix:Privacy_policy/" "/wiki/Privacy_Policy/";
"/wiki/WhonixBackupScript/" "/wiki/BackupScript/";
"/wiki/Whonix_Build_Version/" "/wiki/Moved:Systemcheck/#Build_Version";
"/wiki/Whonix_Configuration_Files/" "/wiki/Moved:Configuration_Files/";
"/wiki/Whonix_Debian_Packages/" "/wiki/Debian_Packages/";
"/wiki/Whonix_Live/" "/wiki/Moved:VM_Live_Mode/";
"/wiki/Whonix_Live/Immutable_Disk_Method_on_VirtualBox/" "/wiki/Moved:Immutable_Disk_Method_on_VirtualBox/";
"/wiki/Whonix_Live/Read_Only_Mode_Hard_Drive/" "/wiki/Moved:VM_Live_Mode/Read_Only_Mode_Hard_Drive/";
"/wiki/Whonix_Live/ro-mode-init/" "/wiki/Moved:Ro-mode-init/";
"/wiki/Whonix_Manual_Installation/" "/wiki/Manually_Creating_Whonix/";
"/wiki/Whonix_News/" "/wiki/Stay_Tuned/#{{project_name_long}}_News";
"/wiki/Whonix_Old_Stable_and_Earlier_Releases/" "/wiki/Old_Stable_and_Earlier_Releases/";
"/wiki/Whonix_Packages_for_Debian_Hosts/" "/wiki/Packages_for_Debian_Hosts/";
"/wiki/Whonix_Release_Notes/" "/wiki/Changelog/";
"/wiki/Whonix_Security_Model/" "/wiki/Moved:Security_Roadmap/";
"/wiki/Whonix_Security_Roadmap/" "/wiki/Moved:Security_Roadmap/";
"/wiki/Whonix_Signing_Key/" "/wiki/Signing_Key/";
"/wiki/Whonix_Stable_Release/" "/wiki/Changelog/";
"/wiki/Whonix_Stable_Version_User_Experience/" "/wiki/Moved:Stable_Version_User_Experience/";
"/wiki/Whonix_Testers_Release/" "/wiki/Changelog/";
"/wiki/Whonix_Trademark_Policy/" "/wiki/Trademark_Policy/";
"/wiki/Whonix_and_Tor/" "/wiki/Why_does_Whonix_use_Tor/";
"/wiki/Whonix_on_USB/" "/wiki/USB_Installation/";
"/wiki/Whonixcheck/" "/wiki/Moved:Systemcheck/";
"/wiki/Whonixcheck_Hardening/" "/wiki/Moved:Systemcheck_Hardening/";
"/wiki/Why_Whonix_is_Free_Software/" "/wiki/Reasons_for_Freedom_Software/";
"/wiki/Why_Whonix_is_Freedom_Software/" "/wiki/Reasons_for_Freedom_Software/";
"/wiki/Windows/" "/wiki/VirtualBox/";
"/wiki/Windows_Hosts/" "/wiki/Moved:Windows_Hosts/";
"/wiki/Windows_Quick_Start/" "/wiki/VirtualBox/";
"/wiki/Wormhole/" "/wiki/File_Sharing/#Magic-Wormhole";
"/wiki/XChat/" "/wiki/HexChat/";
"/wiki/Youtube-dl/" "/wiki/Yt-dlp/";
"/wiki/YubiKey/" "/wiki/Moved:Yubikey/";
